Component: ARM Compiler 5.06 update 6 (build 750) Tool: armlink [4d35ed]

==============================================================================

Section Cross References

    adc.o(i.ADC_ShortCircuit_IRQHandler) refers to cmsis_os2.o(i.osKernelGetTickCount) for osKernelGetTickCount
    adc.o(i.ADC_ShortCircuit_IRQHandler) refers to stm32f30x_adc.o(i.ADC_GetFlagStatus) for ADC_GetFlagStatus
    adc.o(i.ADC_ShortCircuit_IRQHandler) refers to stm32f30x_adc.o(i.ADC_ClearITPendingBit) for ADC_ClearITPendingBit
    adc.o(i.ADC_ShortCircuit_IRQHandler) refers to cmsis_os2.o(i.osEventFlagsSet) for osEventFlagsSet
    adc.o(i.ADC_ShortCircuit_IRQHandler) refers to adc.o(.data) for call_cnt
    adc.o(i.ADC_ShortCircuit_IRQHandler) refers to sw_ctrl.o(.data) for CurStage
    adc.o(i.ADC_ShortCircuit_IRQHandler) refers to rtos.o(.data) for evt_sw_ch
    adc.o(i.HAL_TIM_PeriodElapsedCallback) refers to cmsis_os2.o(i.osKernelGetState) for osKernelGetState
    adc.o(i.HAL_TIM_PeriodElapsedCallback) refers to stm32f30x_adc.o(i.ADC_StartConversion) for ADC_StartConversion
    adc.o(i.HAL_TIM_PeriodElapsedCallback) refers to stm32f30x_dma.o(i.DMA_GetFlagStatus) for DMA_GetFlagStatus
    adc.o(i.HAL_TIM_PeriodElapsedCallback) refers to cmsis_os2.o(i.osMessageQueuePut) for osMessageQueuePut
    adc.o(i.HAL_TIM_PeriodElapsedCallback) refers to cmsis_os2.o(i.osSemaphoreRelease) for osSemaphoreRelease
    adc.o(i.HAL_TIM_PeriodElapsedCallback) refers to adc.o(.bss) for adc_res
    adc.o(i.HAL_TIM_PeriodElapsedCallback) refers to adc.o(.data) for adc_work_permisson
    adc.o(i.HAL_TIM_PeriodElapsedCallback) refers to rtos.o(.data) for adc_queue
    adc.o(i.vAdcDataHandler) refers to stm32f3xx_hal_tim.o(i.HAL_TIM_Base_Start_IT) for HAL_TIM_Base_Start_IT
    adc.o(i.vAdcDataHandler) refers to cmsis_os2.o(i.osSemaphoreAcquire) for osSemaphoreAcquire
    adc.o(i.vAdcDataHandler) refers to adc.o(i.xAvgCalculation) for xAvgCalculation
    adc.o(i.vAdcDataHandler) refers to adc.o(i.xRMSCalculation) for xRMSCalculation
    adc.o(i.vAdcDataHandler) refers to cmsis_os2.o(i.osSemaphoreRelease) for osSemaphoreRelease
    adc.o(i.vAdcDataHandler) refers to adc.o(i.xFlRMSCalculation) for xFlRMSCalculation
    adc.o(i.vAdcDataHandler) refers to cmsis_os2.o(i.osThreadYield) for osThreadYield
    adc.o(i.vAdcDataHandler) refers to adc.o(.data) for rms_collect
    adc.o(i.vAdcDataHandler) refers to periph.o(.bss) for htim6
    adc.o(i.vAdcDataHandler) refers to rtos.o(.data) for adc_items_s
    adc.o(i.vAdcDataHandler) refers to adc.o(.bss) for avg_data
    adc.o(i.vPrintResult) refers to _printf_percent.o(.ARM.Collect$$_printf_percent$$00000000) for _printf_percent
    adc.o(i.vPrintResult) refers to _printf_d.o(.ARM.Collect$$_printf_percent$$00000009) for _printf_d
    adc.o(i.vPrintResult) refers to _printf_f.o(.ARM.Collect$$_printf_percent$$00000003) for _printf_f
    adc.o(i.vPrintResult) refers to _printf_dec.o(.text) for _printf_int_dec
    adc.o(i.vPrintResult) refers to printf1.o(x$fpl$printf1) for _printf_fp_dec
    adc.o(i.vPrintResult) refers to cmsis_os2.o(i.osSemaphoreAcquire) for osSemaphoreAcquire
    adc.o(i.vPrintResult) refers to cmsis_os2.o(i.osEventFlagsWait) for osEventFlagsWait
    adc.o(i.vPrintResult) refers to cmsis_os2.o(i.osEventFlagsClear) for osEventFlagsClear
    adc.o(i.vPrintResult) refers to cmsis_os2.o(i.osSemaphoreRelease) for osSemaphoreRelease
    adc.o(i.vPrintResult) refers to noretval__2printf.o(.text) for __2printf
    adc.o(i.vPrintResult) refers to dflt_clz.o(x$fpl$dfltu) for __aeabi_ui2d
    adc.o(i.vPrintResult) refers to adc.o(i.sSelectArgumentElec) for sSelectArgumentElec
    adc.o(i.vPrintResult) refers to dflt_clz.o(x$fpl$dflt) for __aeabi_i2d
    adc.o(i.vPrintResult) refers to dmul.o(x$fpl$dmul) for __aeabi_dmul
    adc.o(i.vPrintResult) refers to ddiv.o(x$fpl$ddiv) for __aeabi_ddiv
    adc.o(i.vPrintResult) refers to rtos.o(.data) for adc_reader_s
    adc.o(i.vPrintResult) refers to adc.o(.data) for val_sem
    adc.o(i.vPrintResult) refers to adc.o(.bss) for current_conv_coef
    adc.o(i.xAvgCalculation) refers to adc.o(i.usSelectArgumentInst) for usSelectArgumentInst
    adc.o(i.xAvgCalculation) refers to adc.o(i.vWriteElectricalData) for vWriteElectricalData
    adc.o(i.xAvgCalculation) refers to adc.o(.data) for sum_avr
    adc.o(i.xFlRMSCalculation) refers to adc.o(i.sSelectArgumentElec) for sSelectArgumentElec
    adc.o(i.xFlRMSCalculation) refers to adc.o(i.vWriteElectricalData) for vWriteElectricalData
    adc.o(i.xRMSCalculation) refers to adc.o(i.usSelectArgumentInst) for usSelectArgumentInst
    adc.o(i.xRMSCalculation) refers to adc.o(i.sSelectArgumentElec) for sSelectArgumentElec
    adc.o(i.xRMSCalculation) refers to dflt_clz.o(x$fpl$dflt) for __aeabi_i2d
    adc.o(i.xRMSCalculation) refers to pow.o(i.__hardfp_pow) for __hardfp_pow
    adc.o(i.xRMSCalculation) refers to daddsub_clz.o(x$fpl$dadd) for __aeabi_dadd
[...]
    __flsbuf_byte                            0x08001ca3   Thumb Code     0  flsbuf.o(.text)
    __flsbuf_wide                            0x08001ca3   Thumb Code     0  flsbuf.o(.text)
    _ungetc_internal                         0x08001e79   Thumb Code    60  ungetc.o(.text)
    ungetc                                   0x08001e79   Thumb Code     0  ungetc.o(.text)
    _fclose_internal                         0x08001ec1   Thumb Code    76  fclose.o(.text)
    fclose                                   0x08001ec1   Thumb Code     0  fclose.o(.text)
    setvbuf                                  0x08001f0d   Thumb Code   104  setvbuf_locked.o(.text)
    freopen                                  0x08002023   Thumb Code    42  fopen_locked.o(.text)
    _fopen$locked                            0x0800204d   Thumb Code   100  fopen_locked.o(.text)
    exit                                     0x080020b9   Thumb Code    18  exit.o(.text)
    __sig_exit                               0x080020cb   Thumb Code    10  defsig_exit.o(.text)
    __rt_SIGRTRED                            0x080020d5   Thumb Code    14  defsig_rtred_outer.o(.text)
    __rt_SIGRTMEM_inner                      0x080020e5   Thumb Code    22  defsig_rtmem_inner.o(.text)
    _sys_exit                                0x08002135   Thumb Code     8  sys_exit.o(.text)
    __rt_ctype_table                         0x08002141   Thumb Code    16  rt_ctype_table.o(.text)
    __Heap_Finalize                          0x08002151   Thumb Code    10  h1_final_mt.o(.text)
    _printf_char_file                        0x0800215d   Thumb Code    58  _printf_char_file_locked.o(.text)
    __vfscanf_char_file                      0x0800219d   Thumb Code    56  scanf_char_file_locked.o(.text)
    _fseek                                   0x080021dd   Thumb Code   242  fseek.o(.text)
    fseek                                    0x080021dd   Thumb Code     0  fseek.o(.text)
    _seterr                                  0x080022d5   Thumb Code    20  stdio.o(.text)
    _writebuf                                0x080022e9   Thumb Code    84  stdio.o(.text)
    _fflush                                  0x0800233d   Thumb Code    70  stdio.o(.text)
    _deferredlazyseek                        0x08002383   Thumb Code    60  stdio.o(.text)
    _flushlinebuffered                       0x080023c5   Thumb Code    84  flushlinebuffered_locked.o(.text)
    __default_signal_display                 0x08002421   Thumb Code    50  defsig_general.o(.text)
    __rt_SIGRTRED_inner                      0x08002455   Thumb Code    14  defsig_rtred_inner.o(.text)
    _ttywrch                                 0x08002489   Thumb Code    14  sys_wrch.o(.text)
    _ftell_internal                          0x08002497   Thumb Code    66  ftell.o(.text)
    ftell                                    0x08002497   Thumb Code     0  ftell.o(.text)
    _do_fflush                               0x080024d9   Thumb Code    74  fflush_locked.o(.text)
    fflush                                   0x08002523   Thumb Code    60  fflush_locked.o(.text)
    _btod_d2e                                0x08002569   Thumb Code    62  btod.o(CL$$btod_d2e)
    _d2e_denorm_low                          0x080025a7   Thumb Code    70  btod.o(CL$$btod_d2e_denorm_low)
    _d2e_norm_op1                            0x080025ed   Thumb Code    96  btod.o(CL$$btod_d2e_norm_op1)
    __btod_div_common                        0x0800264d   Thumb Code   696  btod.o(CL$$btod_div_common)
    _e2e                                     0x08002985   Thumb Code   220  btod.o(CL$$btod_e2e)
    _btod_ediv                               0x08002a61   Thumb Code    42  btod.o(CL$$btod_ediv)
    _btod_emul                               0x08002a8b   Thumb Code    42  btod.o(CL$$btod_emul)
    __btod_mult_common                       0x08002ab5   Thumb Code   580  btod.o(CL$$btod_mult_common)
    ADC1_2_IRQHandler                        0x08002cf9   Thumb Code     8  stm32f3xx_it.o(i.ADC1_2_IRQHandler)
    ADC_ClearITPendingBit                    0x08002d01   Thumb Code     4  stm32f30x_adc.o(i.ADC_ClearITPendingBit)
    ADC_GetFlagStatus                        0x08002d05   Thumb Code    18  stm32f30x_adc.o(i.ADC_GetFlagStatus)
    ADC_ShortCircuit_IRQHandler              0x08002d19   Thumb Code   164  adc.o(i.ADC_ShortCircuit_IRQHandler)
    ADC_StartConversion                      0x08002dd5   Thumb Code    10  stm32f30x_adc.o(i.ADC_StartConversion)
    BusFault_Handler                         0x08002ddf   Thumb Code     4  stm32f3xx_it.o(i.BusFault_Handler)
    DMA1_Channel4_IRQHandler                 0x08002de5   Thumb Code    10  stm32f3xx_it.o(i.DMA1_Channel4_IRQHandler)
    DMA1_Channel5_IRQHandler                 0x08002df5   Thumb Code    10  stm32f3xx_it.o(i.DMA1_Channel5_IRQHandler)
    DMA_GetFlagStatus                        0x08002e45   Thumb Code    36  stm32f30x_dma.o(i.DMA_GetFlagStatus)
    DebugMon_Handler                         0x08002e9d   Thumb Code     2  stm32f3xx_it.o(i.DebugMon_Handler)
    Error_Handler                            0x08002ea1   Thumb Code   382  main.o(i.Error_Handler)
    HAL_DMA_Abort_IT                         0x080031d5   Thumb Code    88  stm32f3xx_hal_dma.o(i.HAL_DMA_Abort_IT)
    HAL_DMA_IRQHandler                       0x0800322d   Thumb Code   230  stm32f3xx_hal_dma.o(i.HAL_DMA_IRQHandler)
    HAL_DMA_Init                             0x08003313   Thumb Code    94  stm32f3xx_hal_dma.o(i.HAL_DMA_Init)
    HAL_DMA_Start_IT                         0x08003371   Thumb Code   156  stm32f3xx_hal_dma.o(i.HAL_DMA_Start_IT)
    HAL_GPIO_Init                            0x0800340d   Thumb Code   432  stm32f3xx_hal_gpio.o(i.HAL_GPIO_Init)
    HAL_GPIO_WritePin                        0x080035d9   Thumb Code    10  stm32f3xx_hal_gpio.o(i.HAL_GPIO_WritePin)
    HAL_GetTick                              0x080035e3   Thumb Code     8  rtos.o(i.HAL_GetTick)
    HAL_Init                                 0x080035ed   Thumb Code    34  stm32f3xx_hal.o(i.HAL_Init)
    HAL_InitTick                             0x08003615   Thumb Code    36  stm32f3xx_hal.o(i.HAL_InitTick)
    HAL_MspInit                              0x0800363d   Thumb Code    58  stm32f3xx_hal_msp.o(i.HAL_MspInit)
    HAL_NVIC_EnableIRQ                       0x0800367d   Thumb Code    40  stm32f3xx_hal_cortex.o(i.HAL_NVIC_EnableIRQ)
    HAL_NVIC_SetPriority                     0x080036a5   Thumb Code   124  stm32f3xx_hal_cortex.o(i.HAL_NVIC_SetPriority)
    HAL_NVIC_SetPriorityGrouping             0x08003721   Thumb Code    32  stm32f3xx_hal_cortex.o(i.HAL_NVIC_SetPriorityGrouping)
    HAL_RCCEx_PeriphCLKConfig                0x08003749   Thumb Code   730  stm32f3xx_hal_rcc_ex.o(i.HAL_RCCEx_PeriphCLKConfig)
    HAL_RCC_ClockConfig                      0x08003a31   Thumb Code   732  stm32f3xx_hal_rcc.o(i.HAL_RCC_ClockConfig)
    HAL_RCC_GetHCLKFreq                      0x08003d1d   Thumb Code     6  stm32f3xx_hal_rcc.o(i.HAL_RCC_GetHCLKFreq)
    HAL_RCC_GetPCLK1Freq                     0x08003d29   Thumb Code    36  stm32f3xx_hal_rcc.o(i.HAL_RCC_GetPCLK1Freq)
    HAL_RCC_GetPCLK2Freq                     0x08003d55   Thumb Code    36  stm32f3xx_hal_rcc.o(i.HAL_RCC_GetPCLK2Freq)
    HAL_RCC_GetSysClockFreq                  0x08003d81   Thumb Code   120  stm32f3xx_hal_rcc.o(i.HAL_RCC_GetSysClockFreq)
    HAL_RCC_OscConfig                        0x08003e0d   Thumb Code  2550  stm32f3xx_hal_rcc.o(i.HAL_RCC_OscConfig)
    HAL_SYSTICK_Config                       0x0800480d   Thumb Code    52  stm32f3xx_hal_cortex.o(i.HAL_SYSTICK_Config)
    HAL_TIMEx_Break2Callback                 0x08004841   Thumb Code     2  stm32f3xx_hal_tim_ex.o(i.HAL_TIMEx_Break2Callback)
    HAL_TIMEx_BreakCallback                  0x08004843   Thumb Code     2  stm32f3xx_hal_tim_ex.o(i.HAL_TIMEx_BreakCallback)
    HAL_TIMEx_CommutationCallback            0x08004845   Thumb Code     2  stm32f3xx_hal_tim_ex.o(i.HAL_TIMEx_CommutationCallback)
    HAL_TIM_IC_CaptureCallback               0x08004847   Thumb Code     2  stm32f3xx_hal_tim.o(i.HAL_TIM_IC_CaptureCallback)
    HAL_TIM_IRQHandler                       0x08004849   Thumb Code   440  stm32f3xx_hal_tim.o(i.HAL_TIM_IRQHandler)
    HAL_TIM_OC_DelayElapsedCallback          0x08004a01   Thumb Code     2  stm32f3xx_hal_tim.o(i.HAL_TIM_OC_DelayElapsedCallback)
    HAL_TIM_PWM_PulseFinishedCallback        0x08004a03   Thumb Code     2  stm32f3xx_hal_tim.o(i.HAL_TIM_PWM_PulseFinishedCallback)
    HAL_TIM_PeriodElapsedCallback            0x08004a05   Thumb Code   558  adc.o(i.HAL_TIM_PeriodElapsedCallback)
    HAL_TIM_TriggerCallback                  0x08004c65   Thumb Code     2  stm32f3xx_hal_tim.o(i.HAL_TIM_TriggerCallback)
    HAL_UART4_Custom_IRQHandler              0x08004c69   Thumb Code    58  uart4.o(i.HAL_UART4_Custom_IRQHandler)
    HAL_UARTEx_WakeupCallback                0x08004ca9   Thumb Code     2  stm32f3xx_hal_uart_ex.o(i.HAL_UARTEx_WakeupCallback)
    HAL_UART_ErrorCallback                   0x08004cab   Thumb Code     2  stm32f3xx_hal_uart.o(i.HAL_UART_ErrorCallback)
    HAL_UART_IRQHandler                      0x08004cad   Thumb Code   386  stm32f3xx_hal_uart.o(i.HAL_UART_IRQHandler)
    HAL_UART_Init                            0x08004e35   Thumb Code   120  stm32f3xx_hal_uart.o(i.HAL_UART_Init)
    HAL_UART_MspInit                         0x08004ead   Thumb Code   264  stm32f3xx_hal_msp.o(i.HAL_UART_MspInit)
    HAL_UART_Receive_DMA                     0x08004fc5   Thumb Code   156  stm32f3xx_hal_uart.o(i.HAL_UART_Receive_DMA)
    HAL_UART_RxCpltCallback                  0x0800506d   Thumb Code     2  stm32f3xx_hal_uart.o(i.HAL_UART_RxCpltCallback)
    HAL_UART_RxHalfCpltCallback              0x0800506f   Thumb Code     2  stm32f3xx_hal_uart.o(i.HAL_UART_RxHalfCpltCallback)
    HAL_UART_Transmit_DMA                    0x08005071   Thumb Code   142  stm32f3xx_hal_uart.o(i.HAL_UART_Transmit_DMA)
    HAL_UART_TxCpltCallback                  0x0800510d   Thumb Code     2  stm32f3xx_hal_uart.o(i.HAL_UART_TxCpltCallback)
    HAL_UART_TxHalfCpltCallback              0x0800510f   Thumb Code     2  stm32f3xx_hal_uart.o(i.HAL_UART_TxHalfCpltCallback)
    HardFault_Handler                        0x08005111   Thumb Code     4  stm32f3xx_it.o(i.HardFault_Handler)
    MemManage_Handler                        0x080053e5   Thumb Code     4  stm32f3xx_it.o(i.MemManage_Handler)
    NMI_Handler                              0x080053e9   Thumb Code     2  stm32f3xx_it.o(i.NMI_Handler)
    SysTick_Handler                          0x08005639   Thumb Code    22  cmsis_os2.o(i.SysTick_Handler)
    SystemClock_Config                       0x0800564f   Thumb Code   152  periph.o(i.SystemClock_Config)
    SystemInit                               0x080056e9   Thumb Code   104  system_stm32f3xx.o(i.SystemInit)
    TIM6_DAC_IRQHandler                      0x08005765   Thumb Code    10  stm32f3xx_it.o(i.TIM6_DAC_IRQHandler)
    UART4_IRQHandler                         0x08005775   Thumb Code    10  stm32f3xx_it.o(i.UART4_IRQHandler)
    UART_AdvFeatureConfig                    0x08005785   Thumb Code   234  stm32f3xx_hal_uart.o(i.UART_AdvFeatureConfig)
    UART_CheckIdleState                      0x0800586f   Thumb Code   116  stm32f3xx_hal_uart.o(i.UART_CheckIdleState)
    UART_EndTransmit_IT                      0x08005a09   Thumb Code    32  stm32f3xx_hal_uart.o(i.UART_EndTransmit_IT)
    UART_Receive_IT                          0x08005a3d   Thumb Code   138  stm32f3xx_hal_uart.o(i.UART_Receive_IT)
    UART_SetConfig                           0x08005ac9   Thumb Code   716  stm32f3xx_hal_uart.o(i.UART_SetConfig)
    UART_Transmit_IT                         0x08005db5   Thumb Code   106  stm32f3xx_hal_uart.o(i.UART_Transmit_IT)
    UART_WaitOnFlagUntilTimeout              0x08005e1f   Thumb Code   108  stm32f3xx_hal_uart.o(i.UART_WaitOnFlagUntilTimeout)
    USART1_IRQHandler                        0x08005e8d   Thumb Code    10  stm32f3xx_it.o(i.USART1_IRQHandler)
    UsageFault_Handler                       0x08005e9d   Thumb Code     4  stm32f3xx_it.o(i.UsageFault_Handler)
    __ARM_fpclassify                         0x08005ea1   Thumb Code    48  fpclassify.o(i.__ARM_fpclassify)
    __user_perthread_libspace                0x08005f1d   Thumb Code    88  clib_arm.o(i.__user_perthread_libspace)
    _mutex_acquire                           0x08005f81   Thumb Code    22  clib_arm.o(i._mutex_acquire)
    _mutex_free                              0x08005f99   Thumb Code    46  clib_arm.o(i._mutex_free)
    _mutex_initialize                        0x08005fcd   Thumb Code    86  clib_arm.o(i._mutex_initialize)
    _mutex_release                           0x0800602d   Thumb Code    24  clib_arm.o(i._mutex_release)
    _platform_post_stackheap_init            0x08006045   Thumb Code     2  clib_arm.o(i._platform_post_stackheap_init)
    _sys_close                               0x08006047   Thumb Code    38  retarget_io.o(i._sys_close)
    _sys_flen                                0x0800606d   Thumb Code    36  retarget_io.o(i._sys_flen)
    _sys_istty                               0x08006091   Thumb Code    36  retarget_io.o(i._sys_istty)
    _sys_open                                0x080060b5   Thumb Code    80  retarget_io.o(i._sys_open)
    _sys_read                                0x0800611d   Thumb Code    76  retarget_io.o(i._sys_read)
    _sys_seek                                0x08006169   Thumb Code    44  retarget_io.o(i._sys_seek)
    _sys_write                               0x08006195   Thumb Code    70  retarget_io.o(i._sys_write)
    _fgetc$unlocked                          0x080065ad   Thumb Code    24  fgetc.o(i.fgetc)
    _fputc$unlocked                          0x080065c5   Thumb Code    26  fputc.o(i.fputc)
    main                                     0x080065df   Thumb Code    52  main.o(i.main)
    osDelay                                  0x08006615   Thumb Code    50  cmsis_os2.o(i.osDelay)
    osEventFlagsNew                          0x0800664d   Thumb Code    92  cmsis_os2.o(i.osEventFlagsNew)
    osEventFlagsSet                          0x080066ad   Thumb Code   108  cmsis_os2.o(i.osEventFlagsSet)
    osKernelGetState                         0x08006721   Thumb Code    48  cmsis_os2.o(i.osKernelGetState)
    osKernelGetTickCount                     0x08006755   Thumb Code    46  cmsis_os2.o(i.osKernelGetTickCount)
    osKernelStart                            0x08006789   Thumb Code   102  cmsis_os2.o(i.osKernelStart)
    osMessageQueueGet                        0x080067fd   Thumb Code   144  cmsis_os2.o(i.osMessageQueueGet)
    osMessageQueueNew                        0x08006895   Thumb Code   146  cmsis_os2.o(i.osMessageQueueNew)
    osMessageQueuePut                        0x0800692d   Thumb Code   148  cmsis_os2.o(i.osMessageQueuePut)
    osMutexAcquire                           0x080069c9   Thumb Code   120  cmsis_os2.o(i.osMutexAcquire)
    osMutexNew                               0x08006a45   Thumb Code   176  cmsis_os2.o(i.osMutexNew)
    osMutexRelease                           0x08006af9   Thumb Code   100  cmsis_os2.o(i.osMutexRelease)
    osSemaphoreAcquire                       0x08006b61   Thumb Code   124  cmsis_os2.o(i.osSemaphoreAcquire)
    osSemaphoreNew                           0x08006be5   Thumb Code   198  cmsis_os2.o(i.osSemaphoreNew)
    osSemaphoreRelease                       0x08006cb1   Thumb Code   108  cmsis_os2.o(i.osSemaphoreRelease)
    osThreadExit                             0x08006d25   Thumb Code    10  cmsis_os2.o(i.osThreadExit)
    osThreadNew                              0x08006d31   Thumb Code   208  cmsis_os2.o(i.osThreadNew)
    osiFREERTOSInit                          0x08006e29   Thumb Code   348  rtos.o(i.osiFREERTOSInit)
    pvPortMalloc                             0x0800792d   Thumb Code   188  heap_4.o(i.pvPortMalloc)
    pvTaskIncrementMutexHeldCount            0x080079fd   Thumb Code    26  tasks.o(i.pvTaskIncrementMutexHeldCount)
    pxPortInitialiseStack                    0x08007a1d   Thumb Code    38  port.o(i.pxPortInitialiseStack)
    rst_sim800l                              0x08007a49   Thumb Code    54  sim800.o(i.rst_sim800l)
    sSelectArgumentElec                      0x08007a95   Thumb Code   162  adc.o(i.sSelectArgumentElec)
    stdin_getchar                            0x08007b71   Thumb Code    32  uart4.o(i.stdin_getchar)
    stdout_putchar                           0x08007b95   Thumb Code    20  uart4.o(i.stdout_putchar)
    uxListRemove                             0x08007bad   Thumb Code    40  list.o(i.uxListRemove)
    vApplicationGetIdleTaskMemory            0x08007bd5   Thumb Code    14  cmsis_os2.o(i.vApplicationGetIdleTaskMemory)
    vApplicationGetTimerTaskMemory           0x08007bed   Thumb Code    14  cmsis_os2.o(i.vApplicationGetTimerTaskMemory)
    vApplicationStackOverflowHook            0x08007c05   Thumb Code     2  cmsis_os2.o(i.vApplicationStackOverflowHook)
    vCommanRead                              0x08007c09   Thumb Code   332  uart4.o(i.vCommanRead)
    vEventGroupSetBitsCallback               0x08007e85   Thumb Code    16  event_groups.o(i.vEventGroupSetBitsCallback)
    vListInitialise                          0x08007e95   Thumb Code    26  list.o(i.vListInitialise)
    vListInitialiseItem                      0x08007eaf   Thumb Code     6  list.o(i.vListInitialiseItem)
    vListInsert                              0x08007eb5   Thumb Code    52  list.o(i.vListInsert)
    vListInsertEnd                           0x08007ee9   Thumb Code    24  list.o(i.vListInsertEnd)
    vPeripheralInit                          0x08007f01   Thumb Code    28  periph.o(i.vPeripheralInit)
    vPortEnterCritical                       0x08007f1d   Thumb Code    30  port.o(i.vPortEnterCritical)
    vPortExitCritical                        0x08007f41   Thumb Code    28  port.o(i.vPortExitCritical)
    vPortFree                                0x08007f61   Thumb Code    64  heap_4.o(i.vPortFree)
    vPortSetupTimerInterrupt                 0x08007fa9   Thumb Code    36  port.o(i.vPortSetupTimerInterrupt)
    vQueueDelete                             0x08007fd1   Thumb Code    20  queue.o(i.vQueueDelete)
    vQueueWaitForMessageRestricted           0x08007fe5   Thumb Code    74  queue.o(i.vQueueWaitForMessageRestricted)
    vSim800CommsThread                       0x08008031   Thumb Code   676  sim800.o(i.vSim800CommsThread)
    vSim800InitThread                        0x080083d9   Thumb Code   804  sim800.o(i.vSim800InitThread)
    vSim800ServerThread                      0x08008941   Thumb Code   270  sim800.o(i.vSim800ServerThread)
    vTaskDelay                               0x08008ae5   Thumb Code    46  tasks.o(i.vTaskDelay)
    vTaskDelete                              0x08008b19   Thumb Code   132  tasks.o(i.vTaskDelete)
    vTaskInternalSetTimeOutState             0x08008bb9   Thumb Code    14  tasks.o(i.vTaskInternalSetTimeOutState)
    vTaskMissedYield                         0x08008bd1   Thumb Code     8  tasks.o(i.vTaskMissedYield)
    vTaskPlaceOnEventList                    0x08008bdd   Thumb Code    28  tasks.o(i.vTaskPlaceOnEventList)
    vTaskPlaceOnEventListRestricted          0x08008bfd   Thumb Code    36  tasks.o(i.vTaskPlaceOnEventListRestricted)
    vTaskPriorityDisinheritAfterTimeout      0x08008c25   Thumb Code   130  tasks.o(i.vTaskPriorityDisinheritAfterTimeout)
    vTaskRemoveFromUnorderedEventList        0x08008cb1   Thumb Code    80  tasks.o(i.vTaskRemoveFromUnorderedEventList)
    vTaskStartScheduler                      0x08008d11   Thumb Code   120  tasks.o(i.vTaskStartScheduler)
    vTaskSuspendAll                          0x08008da5   Thumb Code    12  tasks.o(i.vTaskSuspendAll)
    vTaskSwitchContext                       0x08008db5   Thumb Code   154  tasks.o(i.vTaskSwitchContext)
    vTransmitUART4                           0x08008e65   Thumb Code    74  uart4.o(i.vTransmitUART4)
    xEventGroupCreate                        0x08008ec1   Thumb Code    30  event_groups.o(i.xEventGroupCreate)
    xEventGroupCreateStatic                  0x08008edf   Thumb Code    26  event_groups.o(i.xEventGroupCreateStatic)
    xEventGroupSetBits                       0x08008ef9   Thumb Code   146  event_groups.o(i.xEventGroupSetBits)
    xEventGroupSetBitsFromISR                0x08008f8d   Thumb Code    30  event_groups.o(i.xEventGroupSetBitsFromISR)
    xPortStartScheduler                      0x08008fb1   Thumb Code    58  port.o(i.xPortStartScheduler)
    xPortSysTickHandler                      0x08008ff9   Thumb Code    46  port.o(i.xPortSysTickHandler)
    xQueueCreateCountingSemaphore            0x0800902d   Thumb Code    26  queue.o(i.xQueueCreateCountingSemaphore)
    xQueueCreateCountingSemaphoreStatic      0x08009047   Thumb Code    34  queue.o(i.xQueueCreateCountingSemaphoreStatic)
    xQueueCreateMutex                        0x08009069   Thumb Code    34  queue.o(i.xQueueCreateMutex)
    xQueueCreateMutexStatic                  0x0800908b   Thumb Code    42  queue.o(i.xQueueCreateMutexStatic)
    xQueueGenericCreate                      0x080090b5   Thumb Code    64  queue.o(i.xQueueGenericCreate)
    xQueueGenericCreateStatic                0x080090f5   Thumb Code    46  queue.o(i.xQueueGenericCreateStatic)
    xQueueGenericReset                       0x08009125   Thumb Code   122  queue.o(i.xQueueGenericReset)
    xQueueGenericSend                        0x080091a5   Thumb Code   276  queue.o(i.xQueueGenericSend)
    xQueueGenericSendFromISR                 0x080092bd   Thumb Code   134  queue.o(i.xQueueGenericSendFromISR)
    xQueueGiveFromISR                        0x08009343   Thumb Code   120  queue.o(i.xQueueGiveFromISR)
    xQueueGiveMutexRecursive                 0x080093bb   Thumb Code    48  queue.o(i.xQueueGiveMutexRecursive)
    xQueueReceive                            0x080093ed   Thumb Code   256  queue.o(i.xQueueReceive)
    xQueueReceiveFromISR                     0x080094f1   Thumb Code   130  queue.o(i.xQueueReceiveFromISR)
    xQueueSemaphoreTake                      0x08009575   Thumb Code   300  queue.o(i.xQueueSemaphoreTake)
    xQueueTakeMutexRecursive                 0x080096a5   Thumb Code    54  queue.o(i.xQueueTakeMutexRecursive)
    xTaskCheckForTimeOut                     0x080096dd   Thumb Code    84  tasks.o(i.xTaskCheckForTimeOut)
    xTaskCreate                              0x08009739   Thumb Code   100  tasks.o(i.xTaskCreate)
    xTaskCreateStatic                        0x0800979d   Thumb Code    78  tasks.o(i.xTaskCreateStatic)
    xTaskGetCurrentTaskHandle                0x080097ed   Thumb Code     6  tasks.o(i.xTaskGetCurrentTaskHandle)
    xTaskGetSchedulerState                   0x080097f9   Thumb Code    24  tasks.o(i.xTaskGetSchedulerState)
    xTaskGetTickCount                        0x08009819   Thumb Code     6  tasks.o(i.xTaskGetTickCount)
    xTaskGetTickCountFromISR                 0x08009825   Thumb Code     8  tasks.o(i.xTaskGetTickCountFromISR)
    xTaskIncrementTick                       0x08009831   Thumb Code   236  tasks.o(i.xTaskIncrementTick)
    xTaskPriorityDisinherit                  0x08009949   Thumb Code    86  tasks.o(i.xTaskPriorityDisinherit)
    xTaskPriorityInherit                     0x080099a9   Thumb Code   150  tasks.o(i.xTaskPriorityInherit)
    xTaskRemoveFromEventList                 0x08009a4d   Thumb Code   102  tasks.o(i.xTaskRemoveFromEventList)
    xTaskResumeAll                           0x08009acd   Thumb Code   194  tasks.o(i.xTaskResumeAll)
    xTimerCreateTimerTask                    0x08009bb5   Thumb Code    76  timers.o(i.xTimerCreateTimerTask)
    xTimerGenericCommand                     0x08009c15   Thumb Code   104  timers.o(i.xTimerGenericCommand)
    xTimerPendFunctionCallFromISR            0x08009c81   Thumb Code    48  timers.o(i.xTimerPendFunctionCallFromISR)
    _get_lc_numeric                          0x08009cb5   Thumb Code    44  lc_numeric_c.o(locale$$code)
    _get_lc_ctype                            0x08009ce1   Thumb Code    44  lc_ctype_c.o(locale$$code)
    __aeabi_ddiv                             0x08009d0d   Thumb Code     0  ddiv.o(x$fpl$ddiv)
    _ddiv                                    0x08009d0d   Thumb Code   552  ddiv.o(x$fpl$ddiv)
    __aeabi_i2d                              0x08009fbd   Thumb Code     0  dflt_clz.o(x$fpl$dflt)
    _dflt                                    0x08009fbd   Thumb Code    46  dflt_clz.o(x$fpl$dflt)
    __aeabi_dmul                             0x08009fed   Thumb Code     0  dmul.o(x$fpl$dmul)
    _dmul                                    0x08009fed   Thumb Code   332  dmul.o(x$fpl$dmul)
    __fpl_dnaninf                            0x0800a141   Thumb Code   156  dnaninf.o(x$fpl$dnaninf)
    __fpl_dretinf                            0x0800a1dd   Thumb Code    12  dretinf.o(x$fpl$dretinf)
    _fp_init                                 0x0800a1e9   Thumb Code    10  fpinit.o(x$fpl$fpinit)
    __fplib_config_fpu_vfp                   0x0800a1f1   Thumb Code     0  fpinit.o(x$fpl$fpinit)
    __fplib_config_pureend_doubles           0x0800a1f1   Thumb Code     0  fpinit.o(x$fpl$fpinit)
    _printf_fp_dec                           0x0800a1f3   Thumb Code     4  printf1.o(x$fpl$printf1)
    __I$use$fp                               0x0800a1f6   Number         0  usenofp.o(x$fpl$usenofp)
    __stdin_name                             0x0800a22c   Data           7  retarget_io.o(.constdata)
    __stdout_name                            0x0800a233   Data           8  retarget_io.o(.constdata)
    __stderr_name                            0x0800a23b   Data           8  retarget_io.o(.constdata)
    aPLLMULFactorTable                       0x0800a243   Data          16  stm32f3xx_hal_rcc.o(.constdata)
    aPredivFactorTable                       0x0800a253   Data          16  stm32f3xx_hal_rcc.o(.constdata)
    AHBPrescTable                            0x0800a263   Data          16  system_stm32f3xx.o(.constdata)
    APBPrescTable                            0x0800a273   Data           8  system_stm32f3xx.o(.constdata)
    Region$$Table$$Base                      0x0800a40c   Number         0  anon$$obj.o(Region$$Table)
    Region$$Table$$Limit                     0x0800a42c   Number         0  anon$$obj.o(Region$$Table)
    __ctype                                  0x0800a455   Data           0  lc_ctype_c.o(locale$$data)
    adc_work_permisson                       0x20000000   Data           1  adc.o(.data)
    PrevStage                                0x20000020   Data           4  sw_ctrl.o(.data)
    CurStage                                 0x20000024   Data           4  sw_ctrl.o(.data)
    stg_voltages                             0x20000028   Data          16  sw_ctrl.o(.data)
    evt_adc_print                            0x20000050   Data           4  rtos.o(.data)
    evt_sw_ch                                0x20000054   Data           4  rtos.o(.data)
    adc_writer_s                             0x20000058   Data           4  rtos.o(.data)
    adc_reader_s                             0x2000005c   Data           4  rtos.o(.data)
    adc_items_s                              0x20000060   Data           4  rtos.o(.data)
    adc_mutex_s                              0x20000064   Data           4  rtos.o(.data)
    TransmitUART4Handle                      0x20000068   Data           4  rtos.o(.data)
    Sim800lInitHandle                        0x2000006c   Data           4  rtos.o(.data)
    Sim800lServerHandle                      0x20000070   Data           4  rtos.o(.data)
    Sim800lCommsHandle                       0x20000074   Data           4  rtos.o(.data)
    AdcDataHandle                            0x20000078   Data           4  rtos.o(.data)
    AdcPrintHandle                           0x2000007c   Data           4  rtos.o(.data)
    CommandReadHandle                        0x20000080   Data           4  rtos.o(.data)
    StageSwitchHandle                        0x20000084   Data           4  rtos.o(.data)
    sim800_ctrl_m                            0x20000088   Data           4  rtos.o(.data)
    uart1_m                                  0x2000008c   Data           4  rtos.o(.data)
    adc_queue                                0x20000090   Data           4  rtos.o(.data)
    uart4_rx_queue                           0x20000094   Data           4  rtos.o(.data)
    uart4_tx_queue                           0x20000098   Data           4  rtos.o(.data)
    uart1_rx_queue                           0x2000009c   Data           4  rtos.o(.data)
    uart1_tx_queue                           0x200000a0   Data           4  rtos.o(.data)
    ctrl_numbers                             0x200000a4   Data          64  sim800.o(.data)
    ctrl_numbers_cnt                         0x200000e4   Data           1  sim800.o(.data)
    SystemCoreClock                          0x200000f4   Data           4  system_stm32f3xx.o(.data)
    pxCurrentTCB                             0x20000114   Data           4  tasks.o(.data)
    __aeabi_stdin                            0x20000164   Data           4  stdio_streams.o(.data)
    __aeabi_stdout                           0x20000168   Data           4  stdio_streams.o(.data)
    __aeabi_stderr                           0x2000016c   Data           4  stdio_streams.o(.data)
    _stream_list_lock                        0x20000170   Data           4  streamlock.o(.data)
    adc_poll                                 0x20000174   Data          42  adc.o(.bss)
    adc_res                                  0x2000019e   Data       15120  adc.o(.bss)
    avg_data                                 0x20003cae   Data          42  adc.o(.bss)
    rms_data                                 0x20003cd8   Data         210  adc.o(.bss)
    fl_rms_data                              0x20003daa   Data          42  adc.o(.bss)
    current_conv_coef                        0x20003dd4   Data          10  adc.o(.bss)
    htim6                                    0x20003e00   Data          64  periph.o(.bss)
    huart4                                   0x20003e40   Data         112  periph.o(.bss)
    huart1                                   0x20003eb0   Data         112  periph.o(.bss)
    hdma_usart1_rx                           0x20003f20   Data          68  periph.o(.bss)
    hdma_usart1_tx                           0x20003f64   Data          68  periph.o(.bss)
    Sim800                                   0x20003fa8   Data         610  sim800.o(.bss)
    __stdin                                  0x20007030   Data          84  stdio_streams.o(.bss)
    __stdout                                 0x20007084   Data          84  stdio_streams.o(.bss)
    __stderr                                 0x200070d8   Data          84  stdio_streams.o(.bss)
    __libspace_start                         0x2000712c   Data          96  libspace.o(.bss)
    __temporary_stack_top$libspace           0x2000718c   Data           0  libspace.o(.bss)



==============================================================================

Memory Map of the image

  Image Entry point : 0x08000189

  Load Region LR_IROM1 (Base: 0x08000000, Size: 0x0000a6cc, Max: 0x00040000, ABSOLUTE, COMPRESSED[0x0000a580])

    Execution Region ER_IROM1 (Exec base: 0x08000000, Load base: 0x08000000, Size: 0x0000a558, Max: 0x00040000, ABSOLUTE)

    Exec Addr    Load Addr    Size         Type   Attr      Idx    E Section Name        Object

    0x08000000   0x08000000   0x00000188   Data   RO         4976    RESET               startup_stm32f303xc.o
    0x08000188   0x08000188   0x00000008   Code   RO         6346  * !!!main             c_w.l(__main.o)
    0x08000190   0x08000190   0x00000034   Code   RO         6820    !!!scatter          c_w.l(__scatter.o)
    0x080001c4   0x080001c4   0x0000003a   Code   RO         6818    !!dczerorl          c_w.l(__dczerorl.o)
    0x080001fe   0x080001fe   0x00000002   PAD
    0x08000200   0x08000200   0x0000001c   Code   RO         6822    !!handler_zi        c_w.l(__scatter_zi.o)
    0x0800021c   0x0800021c   0x00000000   Code   RO         6315    .ARM.Collect$$_printf_percent$$00000000  c_w.l(_printf_percent.o)
    0x0800021c   0x0800021c   0x00000006   Code   RO         6314    .ARM.Collect$$_printf_percent$$00000003  c_w.l(_printf_f.o)
    0x08000222   0x08000222   0x00000006   Code   RO         6313    .ARM.Collect$$_printf_percent$$00000009  c_w.l(_printf_d.o)
    0x08000228   0x08000228   0x00000006   Code   RO         6312    .ARM.Collect$$_printf_percent$$0000000C  c_w.l(_printf_x.o)
    0x0800022e   0x0800022e   0x00000006   Code   RO         6310    .ARM.Collect$$_printf_percent$$00000013  c_w.l(_printf_c.o)
    0x08000234   0x08000234   0x00000006   Code   RO         6311    .ARM.Collect$$_printf_percent$$00000014  c_w.l(_printf_s.o)
    0x0800023a   0x0800023a   0x00000004   Code   RO         6444    .ARM.Collect$$_printf_percent$$00000017  c_w.l(_printf_percent_end.o)
    0x0800023e   0x0800023e   0x00000002   Code   RO         6708    .ARM.Collect$$libinit$$00000000  c_w.l(libinit.o)
    0x08000240   0x08000240   0x00000004   Code   RO         6457    .ARM.Collect$$libinit$$00000001  c_w.l(libinit2.o)
    0x08000244   0x08000244   0x00000000   Code   RO         6460    .ARM.Collect$$libinit$$00000004  c_w.l(libinit2.o)
    0x08000244   0x08000244   0x00000008   Code   RO         6461    .ARM.Collect$$libinit$$00000005  c_w.l(libinit2.o)
    0x0800024c   0x0800024c   0x00000000   Code   RO         6463    .ARM.Collect$$libinit$$0000000A  c_w.l(libinit2.o)
    0x0800024c   0x0800024c   0x00000000   Code   RO         6465    .ARM.Collect$$libinit$$0000000C  c_w.l(libinit2.o)
    0x0800024c   0x0800024c   0x00000000   Code   RO         6467    .ARM.Collect$$libinit$$0000000E  c_w.l(libinit2.o)
    0x0800024c   0x0800024c   0x00000006   Code   RO         6468    .ARM.Collect$$libinit$$0000000F  c_w.l(libinit2.o)
    0x08000252   0x08000252   0x00000000   Code   RO         6470    .ARM.Collect$$libinit$$00000011  c_w.l(libinit2.o)
    0x08000252   0x08000252   0x0000000c   Code   RO         6471    .ARM.Collect$$libinit$$00000012  c_w.l(libinit2.o)
    0x0800025e   0x0800025e   0x00000000   Code   RO         6472    .ARM.Collect$$libinit$$00000013  c_w.l(libinit2.o)
    0x0800025e   0x0800025e   0x00000000   Code   RO         6474    .ARM.Collect$$libinit$$00000015  c_w.l(libinit2.o)
    0x0800025e   0x0800025e   0x0000000a   Code   RO         6475    .ARM.Collect$$libinit$$00000016  c_w.l(libinit2.o)
    0x08000268   0x08000268   0x00000000   Code   RO         6476    .ARM.Collect$$libinit$$00000017  c_w.l(libinit2.o)
    0x08000268   0x08000268   0x00000000   Code   RO         6478    .ARM.Collect$$libinit$$00000019  c_w.l(libinit2.o)
    0x08000268   0x08000268   0x00000000   Code   RO         6480    .ARM.Collect$$libinit$$0000001B  c_w.l(libinit2.o)
    0x08000268   0x08000268   0x00000000   Code   RO         6482    .ARM.Collect$$libinit$$0000001D  c_w.l(libinit2.o)
    0x08000268   0x08000268   0x00000000   Code   RO         6484    .ARM.Collect$$libinit$$0000001F  c_w.l(libinit2.o)
    0x08000268   0x08000268   0x00000000   Code   RO         6486    .ARM.Collect$$libinit$$00000021  c_w.l(libinit2.o)
    0x08000268   0x08000268   0x00000000   Code   RO         6488    .ARM.Collect$$libinit$$00000023  c_w.l(libinit2.o)
    0x08000268   0x08000268   0x00000004   Code   RO         6489    .ARM.Collect$$libinit$$00000024  c_w.l(libinit2.o)
    0x0800026c   0x0800026c   0x00000000   Code   RO         6490    .ARM.Collect$$libinit$$00000025  c_w.l(libinit2.o)
    0x0800026c   0x0800026c   0x00000000   Code   RO         6494    .ARM.Collect$$libinit$$0000002C  c_w.l(libinit2.o)
    0x0800026c   0x0800026c   0x00000000   Code   RO         6496    .ARM.Collect$$libinit$$0000002E  c_w.l(libinit2.o)
    0x0800026c   0x0800026c   0x00000000   Code   RO         6498    .ARM.Collect$$libinit$$00000030  c_w.l(libinit2.o)
    0x0800026c   0x0800026c   0x00000000   Code   RO         6500    .ARM.Collect$$libinit$$00000032  c_w.l(libinit2.o)
    0x0800026c   0x0800026c   0x00000002   Code   RO         6501    .ARM.Collect$$libinit$$00000033  c_w.l(libinit2.o)
    0x0800026e   0x0800026e   0x00000002   Code   RO         6815    .ARM.Collect$$libshutdown$$00000000  c_w.l(libshutdown.o)
    0x08000270   0x08000270   0x00000000   Code   RO         6710    .ARM.Collect$$libshutdown$$00000002  c_w.l(libshutdown2.o)
    0x08000270   0x08000270   0x00000004   Code   RO         6711    .ARM.Collect$$libshutdown$$00000003  c_w.l(libshutdown2.o)
    0x08000274   0x08000274   0x00000000   Code   RO         6712    .ARM.Collect$$libshutdown$$00000004  c_w.l(libshutdown2.o)
    0x08000274   0x08000274   0x00000000   Code   RO         6715    .ARM.Collect$$libshutdown$$00000007  c_w.l(libshutdown2.o)
    0x08000274   0x08000274   0x00000000   Code   RO         6718    .ARM.Collect$$libshutdown$$0000000A  c_w.l(libshutdown2.o)
    0x08000274   0x08000274   0x00000000   Code   RO         6720    .ARM.Collect$$libshutdown$$0000000C  c_w.l(libshutdown2.o)
    0x08000274   0x08000274   0x00000004   Code   RO         6721    .ARM.Collect$$libshutdown$$0000000D  c_w.l(libshutdown2.o)
    0x08000278   0x08000278   0x00000000   Code   RO         6723    .ARM.Collect$$libshutdown$$0000000F  c_w.l(libshutdown2.o)
    0x08000278   0x08000278   0x00000002   Code   RO         6724    .ARM.Collect$$libshutdown$$00000010  c_w.l(libshutdown2.o)
    0x0800027a   0x0800027a   0x00000000   Code   RO         6402    .ARM.Collect$$rtentry$$00000000  c_w.l(__rtentry.o)
    0x0800027a   0x0800027a   0x00000000   Code   RO         6548    .ARM.Collect$$rtentry$$00000002  c_w.l(__rtentry2.o)
    0x0800027a   0x0800027a   0x00000006   Code   RO         6560    .ARM.Collect$$rtentry$$00000004  c_w.l(__rtentry4.o)
    0x08000280   0x08000280   0x00000008   Code   RO         6549    .ARM.Collect$$rtentry$$00000008  c_w.l(__rtentry2.o)
    0x08000288   0x08000288   0x00000004   Code   RO         6551    .ARM.Collect$$rtentry$$0000000A  c_w.l(__rtentry2.o)
    0x0800028c   0x0800028c   0x00000000   Code   RO         6553    .ARM.Collect$$rtentry$$0000000C  c_w.l(__rtentry2.o)
    0x0800028c   0x0800028c   0x00000008   Code   RO         6554    .ARM.Collect$$rtentry$$0000000D  c_w.l(__rtentry2.o)
    0x08000294   0x08000294   0x00000002   Code   RO         6733    .ARM.Collect$$rtexit$$00000000  c_w.l(rtexit.o)
    0x08000296   0x08000296   0x00000000   Code   RO         6778    .ARM.Collect$$rtexit$$00000002  c_w.l(rtexit2.o)
    0x08000296   0x08000296   0x00000004   Code   RO         6779    .ARM.Collect$$rtexit$$00000003  c_w.l(rtexit2.o)
    0x0800029a   0x0800029a   0x00000006   Code   RO         6780    .ARM.Collect$$rtexit$$00000004  c_w.l(rtexit2.o)
    0x080002a0   0x080002a0   0x000000be   Code   RO         5302    .emb_text           port.o
    0x0800035e   0x0800035e   0x00000002   PAD
    0x08000360   0x08000360   0x00000000   Code   RO         6579    .emb_text           c_w.l(maybetermalloc2.o)
    0x08000360   0x08000360   0x00000040   Code   RO         4977    .text               startup_stm32f303xc.o
    0x080003a0   0x080003a0   0x0000009e   Code   RO         6199    .text               c_w.l(h1_alloc_mt.o)
    0x0800043e   0x0800043e   0x00000076   Code   RO         6201    .text               c_w.l(h1_free_mt.o)
    0x080004b4   0x080004b4   0x00000018   Code   RO         6259    .text               c_w.l(noretval__2printf.o)
    0x080004cc   0x080004cc   0x00000028   Code   RO         6261    .text               c_w.l(noretval__2sprintf.o)
    0x080004f4   0x080004f4   0x00000068   Code   RO         6263    .text               c_w.l(__printf.o)
    0x0800055c   0x0800055c   0x00000052   Code   RO         6265    .text               c_w.l(_printf_str.o)
    0x080005ae   0x080005ae   0x00000002   PAD
    0x080005b0   0x080005b0   0x00000078   Code   RO         6267    .text               c_w.l(_printf_dec.o)
    0x08000628   0x08000628   0x00000058   Code   RO         6272    .text               c_w.l(_printf_hex_int.o)
    0x08000680   0x08000680   0x00000020   Code   RO         6316    .text               c_w.l(__0scanf.o)
    0x080006a0   0x080006a0   0x0000014c   Code   RO         6318    .text               c_w.l(_scanf_int.o)
    0x080007ec   0x080007ec   0x000000e0   Code   RO         6320    .text               c_w.l(_scanf_str.o)
    0x080008cc   0x080008cc   0x00000024   Code   RO         6322    .text               c_w.l(strstr.o)
    0x080008f0   0x080008f0   0x00000048   Code   RO         6324    .text               c_w.l(strcpy.o)
    0x08000938   0x08000938   0x0000003e   Code   RO         6326    .text               c_w.l(strlen.o)
    0x08000976   0x08000976   0x00000018   Code   RO         6328    .text               c_w.l(strcat.o)
    0x0800098e   0x0800098e   0x0000008a   Code   RO         6330    .text               c_w.l(rt_memcpy_v6.o)
    0x08000a18   0x08000a18   0x00000064   Code   RO         6332    .text               c_w.l(rt_memcpy_w.o)
    0x08000a7c   0x08000a7c   0x00000010   Code   RO         6334    .text               c_w.l(aeabi_memset.o)
    0x08000a8c   0x08000a8c   0x00000044   Code   RO         6336    .text               c_w.l(rt_memclr.o)
    0x08000ad0   0x08000ad0   0x0000004e   Code   RO         6338    .text               c_w.l(rt_memclr_w.o)
    0x08000b1e   0x08000b1e   0x00000056   Code   RO         6340    .text               c_w.l(strncpy.o)
    0x08000b74   0x08000b74   0x00000080   Code   RO         6342    .text               c_w.l(strcmpv7m.o)
    0x08000bf4   0x08000bf4   0x00000006   Code   RO         6344    .text               c_w.l(heapauxi.o)
    0x08000bfa   0x08000bfa   0x0000000a   Code   RO         6408    .text               c_w.l(rt_heap_descriptor_twolibspace.o)
    0x08000c04   0x08000c04   0x00000004   Code   RO         6410    .text               c_w.l(hguard.o)
    0x08000c08   0x08000c08   0x0000008a   Code   RO         6412    .text               c_w.l(init_alloc.o)
    0x08000c92   0x08000c92   0x00000012   Code   RO         6418    .text               c_w.l(h1_init_mt.o)
    0x08000ca4   0x08000ca4   0x000000b2   Code   RO         6432    .text               c_w.l(_printf_intcommon.o)
    0x08000d56   0x08000d56   0x0000041e   Code   RO         6434    .text               c_w.l(_printf_fp_dec.o)
    0x08001174   0x08001174   0x00000030   Code   RO         6436    .text               c_w.l(_printf_char_common.o)
    0x080011a4   0x080011a4   0x0000000a   Code   RO         6438    .text               c_w.l(_sputc.o)
    0x080011ae   0x080011ae   0x0000002c   Code   RO         6440    .text               c_w.l(_printf_char.o)
    0x080011da   0x080011da   0x0000001c   Code   RO         6445    .text               c_w.l(_chval.o)
    0x080011f6   0x080011f6   0x00000002   PAD
    0x080011f8   0x080011f8   0x00000008   Code   RO         6544    .text               c_w.l(libspace.o)
    0x08001200   0x08001200   0x0000000a   Code   RO         6567    .text               c_w.l(rt_locale_twolibspace.o)
    0x0800120a   0x0800120a   0x00000004   Code   RO         6574    .text               c_w.l(rt_errno_addr_twolibspace.o)
    0x0800120e   0x0800120e   0x0000003e   Code   RO         6582    .text               c_w.l(h1_extend_mt.o)
    0x0800124c   0x0800124c   0x0000008a   Code   RO         6584    .text               c_w.l(lludiv10.o)
    0x080012d6   0x080012d6   0x00000002   PAD
    0x080012d8   0x080012d8   0x00000080   Code   RO         6586    .text               c_w.l(_printf_fp_infnan.o)
    0x08001358   0x08001358   0x0000002c   Code   RO         6590    .text               c_w.l(scanf_char.o)
    0x08001384   0x08001384   0x000000e4   Code   RO         6592    .text               c_w.l(bigflt0.o)
    0x08001468   0x08001468   0x00000048   Code   RO         6617    .text               c_w.l(backspace.o)
    0x080014b0   0x080014b0   0x000001c8   Code   RO         6639    .text               c_w.l(initio_locked.o)
    0x08001678   0x08001678   0x0000000e   Code   RO         6644    .text               c_w.l(defsig_rtmem_outer.o)
    0x08001686   0x08001686   0x00000002   Code   RO         6661    .text               c_w.l(use_no_semi.o)
    0x08001688   0x08001688   0x00000000   Code   RO         6663    .text               c_w.l(indicate_semi.o)
    0x08001688   0x08001688   0x0000004a   Code   RO         6664    .text               c_w.l(sys_stackheap_outer.o)
    0x080016d2   0x080016d2   0x00000010   Code   RO         6668    .text               c_w.l(term_alloc.o)
    0x080016e2   0x080016e2   0x00000012   Code   RO         6670    .text               c_w.l(isspace.o)
    0x080016f4   0x080016f4   0x00000374   Code   RO         6672    .text               c_w.l(_scanf.o)
    0x08001a68   0x08001a68   0x0000023a   Code   RO         6674    .text               c_w.l(filbuf.o)
    0x08001ca2   0x08001ca2   0x000001d6   Code   RO         6676    .text               c_w.l(flsbuf.o)
    0x08001e78   0x08001e78   0x00000048   Code   RO         6680    .text               c_w.l(ungetc.o)
    0x08001ec0   0x08001ec0   0x0000004c   Code   RO         6685    .text               c_w.l(fclose.o)
    0x08001f0c   0x08001f0c   0x00000068   Code   RO         6687    .text               c_w.l(setvbuf_locked.o)
    0x08001f74   0x08001f74   0x00000144   Code   RO         6689    .text               c_w.l(fopen_locked.o)
    0x080020b8   0x080020b8   0x00000012   Code   RO         6691    .text               c_w.l(exit.o)
    0x080020ca   0x080020ca   0x0000000a   Code   RO         6693    .text               c_w.l(defsig_exit.o)
    0x080020d4   0x080020d4   0x0000000e   Code   RO         6695    .text               c_w.l(defsig_rtred_outer.o)
    0x080020e2   0x080020e2   0x00000002   PAD
    0x080020e4   0x080020e4   0x00000050   Code   RO         6699    .text               c_w.l(defsig_rtmem_inner.o)
    0x08002134   0x08002134   0x0000000c   Code   RO         6731    .text               c_w.l(sys_exit.o)
    0x08002140   0x08002140   0x00000010   Code   RO         6735    .text               c_w.l(rt_ctype_table.o)
    0x08002150   0x08002150   0x0000000a   Code   RO         6739    .text               c_w.l(h1_final_mt.o)
    0x0800215a   0x0800215a   0x00000002   PAD
    0x0800215c   0x0800215c   0x00000040   Code   RO         6741    .text               c_w.l(_printf_char_file_locked.o)
    0x0800219c   0x0800219c   0x00000040   Code   RO         6743    .text               c_w.l(scanf_char_file_locked.o)
    0x080021dc   0x080021dc   0x000000f8   Code   RO         6745    .text               c_w.l(fseek.o)
    0x080022d4   0x080022d4   0x000000f0   Code   RO         6747    .text               c_w.l(stdio.o)
    0x080023c4   0x080023c4   0x0000005c   Code   RO         6763    .text               c_w.l(flushlinebuffered_locked.o)
    0x08002420   0x08002420   0x00000032   Code   RO         6767    .text               c_w.l(defsig_general.o)
    0x08002452   0x08002452   0x00000002   PAD
    0x08002454   0x08002454   0x00000034   Code   RO         6769    .text               c_w.l(defsig_rtred_inner.o)
    0x08002488   0x08002488   0x0000000e   Code   RO         6775    .text               c_w.l(sys_wrch.o)
    0x08002496   0x08002496   0x00000042   Code   RO         6788    .text               c_w.l(ftell.o)
    0x080024d8   0x080024d8   0x00000090   Code   RO         6792    .text               c_w.l(fflush_locked.o)
    0x08002568   0x08002568   0x0000003e   Code   RO         6595    CL$$btod_d2e        c_w.l(btod.o)
    0x080025a6   0x080025a6   0x00000046   Code   RO         6597    CL$$btod_d2e_denorm_low  c_w.l(btod.o)
    0x080025ec   0x080025ec   0x00000060   Code   RO         6596    CL$$btod_d2e_norm_op1  c_w.l(btod.o)
    0x0800264c   0x0800264c   0x00000338   Code   RO         6605    CL$$btod_div_common  c_w.l(btod.o)
    0x08002984   0x08002984   0x000000dc   Code   RO         6602    CL$$btod_e2e        c_w.l(btod.o)
    0x08002a60   0x08002a60   0x0000002a   Code   RO         6599    CL$$btod_ediv       c_w.l(btod.o)
    0x08002a8a   0x08002a8a   0x0000002a   Code   RO         6598    CL$$btod_emul       c_w.l(btod.o)
    0x08002ab4   0x08002ab4   0x00000244   Code   RO         6604    CL$$btod_mult_common  c_w.l(btod.o)
    0x08002cf8   0x08002cf8   0x00000008   Code   RO          606    i.ADC1_2_IRQHandler  stm32f3xx_it.o
    0x08002d00   0x08002d00   0x00000004   Code   RO          759    i.ADC_ClearITPendingBit  stm32f30x_adc.o
    0x08002d04   0x08002d04   0x00000012   Code   RO          776    i.ADC_GetFlagStatus  stm32f30x_adc.o
    0x08002d16   0x08002d16   0x00000002   PAD
    0x08002d18   0x08002d18   0x000000bc   Code   RO            4    i.ADC_ShortCircuit_IRQHandler  adc.o
    0x08002dd4   0x08002dd4   0x0000000a   Code   RO          798    i.ADC_StartConversion  stm32f30x_adc.o
    0x08002dde   0x08002dde   0x00000004   Code   RO          607    i.BusFault_Handler  stm32f3xx_it.o
    0x08002de2   0x08002de2   0x00000002   PAD
    0x08002de4   0x08002de4   0x00000010   Code   RO          608    i.DMA1_Channel4_IRQHandler  stm32f3xx_it.o
    0x08002df4   0x08002df4   0x00000010   Code   RO          609    i.DMA1_Channel5_IRQHandler  stm32f3xx_it.o
    0x08002e04   0x08002e04   0x00000040   Code   RO         2395    i.DMA_CalcBaseAndBitshift  stm32f3xx_hal_dma.o
    0x08002e44   0x08002e44   0x0000002c   Code   RO         1158    i.DMA_GetFlagStatus  stm32f30x_dma.o
    0x08002e70   0x08002e70   0x0000002c   Code   RO         2396    i.DMA_SetConfig     stm32f3xx_hal_dma.o
    0x08002e9c   0x08002e9c   0x00000002   Code   RO          610    i.DebugMon_Handler  stm32f3xx_it.o
    0x08002e9e   0x08002e9e   0x00000002   PAD
    0x08002ea0   0x08002ea0   0x00000334   Code   RO          474    i.Error_Handler     main.o
    0x080031d4   0x080031d4   0x00000058   Code   RO         2398    i.HAL_DMA_Abort_IT  stm32f3xx_hal_dma.o
    0x0800322c   0x0800322c   0x000000e6   Code   RO         2402    i.HAL_DMA_IRQHandler  stm32f3xx_hal_dma.o
    0x08003312   0x08003312   0x0000005e   Code   RO         2403    i.HAL_DMA_Init      stm32f3xx_hal_dma.o
    0x08003370   0x08003370   0x0000009c   Code   RO         2407    i.HAL_DMA_Start_IT  stm32f3xx_hal_dma.o
    0x0800340c   0x0800340c   0x000001cc   Code   RO         2719    i.HAL_GPIO_Init     stm32f3xx_hal_gpio.o
    0x080035d8   0x080035d8   0x0000000a   Code   RO         2723    i.HAL_GPIO_WritePin  stm32f3xx_hal_gpio.o
    0x080035e2   0x080035e2   0x00000008   Code   RO          433    i.HAL_GetTick       rtos.o
    0x080035ea   0x080035ea   0x00000002   PAD
    0x080035ec   0x080035ec   0x00000028   Code   RO         2110    i.HAL_Init          stm32f3xx_hal.o
    0x08003614   0x08003614   0x00000028   Code   RO         2111    i.HAL_InitTick      stm32f3xx_hal.o
    0x0800363c   0x0800363c   0x00000040   Code   RO          696    i.HAL_MspInit       stm32f3xx_hal_msp.o
    0x0800367c   0x0800367c   0x00000028   Code   RO         2256    i.HAL_NVIC_EnableIRQ  stm32f3xx_hal_cortex.o
    0x080036a4   0x080036a4   0x0000007c   Code   RO         2262    i.HAL_NVIC_SetPriority  stm32f3xx_hal_cortex.o
    0x08003720   0x08003720   0x00000028   Code   RO         2263    i.HAL_NVIC_SetPriorityGrouping  stm32f3xx_hal_cortex.o
    0x08003748   0x08003748   0x000002e8   Code   RO         2897    i.HAL_RCCEx_PeriphCLKConfig  stm32f3xx_hal_rcc_ex.o
    0x08003a30   0x08003a30   0x000002ec   Code   RO         2787    i.HAL_RCC_ClockConfig  stm32f3xx_hal_rcc.o
    0x08003d1c   0x08003d1c   0x0000000c   Code   RO         2792    i.HAL_RCC_GetHCLKFreq  stm32f3xx_hal_rcc.o
    0x08003d28   0x08003d28   0x0000002c   Code   RO         2794    i.HAL_RCC_GetPCLK1Freq  stm32f3xx_hal_rcc.o
    0x08003d54   0x08003d54   0x0000002c   Code   RO         2795    i.HAL_RCC_GetPCLK2Freq  stm32f3xx_hal_rcc.o
    0x08003d80   0x08003d80   0x0000008c   Code   RO         2796    i.HAL_RCC_GetSysClockFreq  stm32f3xx_hal_rcc.o
    0x08003e0c   0x08003e0c   0x00000a00   Code   RO         2799    i.HAL_RCC_OscConfig  stm32f3xx_hal_rcc.o
    0x0800480c   0x0800480c   0x00000034   Code   RO         2267    i.HAL_SYSTICK_Config  stm32f3xx_hal_cortex.o
    0x08004840   0x08004840   0x00000002   Code   RO         3602    i.HAL_TIMEx_Break2Callback  stm32f3xx_hal_tim_ex.o
    0x08004842   0x08004842   0x00000002   Code   RO         3603    i.HAL_TIMEx_BreakCallback  stm32f3xx_hal_tim_ex.o
    0x08004844   0x08004844   0x00000002   Code   RO         3604    i.HAL_TIMEx_CommutationCallback  stm32f3xx_hal_tim_ex.o
    0x08004846   0x08004846   0x00000002   Code   RO         2974    i.HAL_TIM_IC_CaptureCallback  stm32f3xx_hal_tim.o
    0x08004848   0x08004848   0x000001b8   Code   RO         2987    i.HAL_TIM_IRQHandler  stm32f3xx_hal_tim.o
    0x08004a00   0x08004a00   0x00000002   Code   RO         2990    i.HAL_TIM_OC_DelayElapsedCallback  stm32f3xx_hal_tim.o
    0x08004a02   0x08004a02   0x00000002   Code   RO         3017    i.HAL_TIM_PWM_PulseFinishedCallback  stm32f3xx_hal_tim.o
    0x08004a04   0x08004a04   0x00000260   Code   RO            5    i.HAL_TIM_PeriodElapsedCallback  adc.o
    0x08004c64   0x08004c64   0x00000002   Code   RO         3028    i.HAL_TIM_TriggerCallback  stm32f3xx_hal_tim.o
    0x08004c66   0x08004c66   0x00000002   PAD
    0x08004c68   0x08004c68   0x00000040   Code   RO          379    i.HAL_UART4_Custom_IRQHandler  uart4.o
    0x08004ca8   0x08004ca8   0x00000002   Code   RO         4254    i.HAL_UARTEx_WakeupCallback  stm32f3xx_hal_uart_ex.o
    0x08004caa   0x08004caa   0x00000002   Code   RO         3907    i.HAL_UART_ErrorCallback  stm32f3xx_hal_uart.o
    0x08004cac   0x08004cac   0x00000188   Code   RO         3910    i.HAL_UART_IRQHandler  stm32f3xx_hal_uart.o
    0x08004e34   0x08004e34   0x00000078   Code   RO         3911    i.HAL_UART_Init     stm32f3xx_hal_uart.o
    0x08004eac   0x08004eac   0x00000118   Code   RO          700    i.HAL_UART_MspInit  stm32f3xx_hal_msp.o
    0x08004fc4   0x08004fc4   0x000000a8   Code   RO         3915    i.HAL_UART_Receive_DMA  stm32f3xx_hal_uart.o
    0x0800506c   0x0800506c   0x00000002   Code   RO         3917    i.HAL_UART_RxCpltCallback  stm32f3xx_hal_uart.o
    0x0800506e   0x0800506e   0x00000002   Code   RO         3918    i.HAL_UART_RxHalfCpltCallback  stm32f3xx_hal_uart.o
    0x08005070   0x08005070   0x0000009c   Code   RO         3920    i.HAL_UART_Transmit_DMA  stm32f3xx_hal_uart.o
    0x0800510c   0x0800510c   0x00000002   Code   RO         3922    i.HAL_UART_TxCpltCallback  stm32f3xx_hal_uart.o
    0x0800510e   0x0800510e   0x00000002   Code   RO         3923    i.HAL_UART_TxHalfCpltCallback  stm32f3xx_hal_uart.o
    0x08005110   0x08005110   0x00000004   Code   RO          611    i.HardFault_Handler  stm32f3xx_it.o
    0x08005114   0x08005114   0x000000d4   Code   RO          516    i.MX_DMA_USART1_Init  periph.o
    0x080051e8   0x080051e8   0x00000168   Code   RO          517    i.MX_GPIO_Init      periph.o
    0x08005350   0x08005350   0x00000044   Code   RO          519    i.MX_UART4_Init     periph.o
    0x08005394   0x08005394   0x00000050   Code   RO          520    i.MX_USART1_UART_Init  periph.o
    0x080053e4   0x080053e4   0x00000004   Code   RO          612    i.MemManage_Handler  stm32f3xx_it.o
    0x080053e8   0x080053e8   0x00000002   Code   RO          613    i.NMI_Handler       stm32f3xx_it.o
    0x080053ea   0x080053ea   0x00000002   PAD
    0x080053ec   0x080053ec   0x00000058   Code   RO         1241    i.Sim800_RxCplt     sim800.o
    0x08005444   0x08005444   0x0000010c   Code   RO         1242    i.Sim800_SendATcmd  sim800.o
    0x08005550   0x08005550   0x00000090   Code   RO         1243    i.Sim800_SendRaw    sim800.o
    0x080055e0   0x080055e0   0x00000058   Code   RO         1244    i.Sim800_SendStr    sim800.o
    0x08005638   0x08005638   0x00000016   Code   RO         1399    i.SysTick_Handler   cmsis_os2.o
    0x0800564e   0x0800564e   0x00000098   Code   RO          521    i.SystemClock_Config  periph.o
    0x080056e6   0x080056e6   0x00000002   PAD
    0x080056e8   0x080056e8   0x0000007c   Code   RO         4985    i.SystemInit        system_stm32f3xx.o
    0x08005764   0x08005764   0x00000010   Code   RO          614    i.TIM6_DAC_IRQHandler  stm32f3xx_it.o
    0x08005774   0x08005774   0x00000010   Code   RO          615    i.UART4_IRQHandler  stm32f3xx_it.o
    0x08005784   0x08005784   0x000000ea   Code   RO         3924    i.UART_AdvFeatureConfig  stm32f3xx_hal_uart.o
    0x0800586e   0x0800586e   0x00000074   Code   RO         3925    i.UART_CheckIdleState  stm32f3xx_hal_uart.o
    0x080058e2   0x080058e2   0x00000018   Code   RO         3926    i.UART_DMAAbortOnError  stm32f3xx_hal_uart.o
    0x080058fa   0x080058fa   0x00000052   Code   RO         3927    i.UART_DMAError     stm32f3xx_hal_uart.o
    0x0800594c   0x0800594c   0x00000048   Code   RO         3928    i.UART_DMAReceiveCplt  stm32f3xx_hal_uart.o
    0x08005994   0x08005994   0x0000000e   Code   RO         3930    i.UART_DMARxHalfCplt  stm32f3xx_hal_uart.o
    0x080059a2   0x080059a2   0x00000038   Code   RO         3932    i.UART_DMATransmitCplt  stm32f3xx_hal_uart.o
    0x080059da   0x080059da   0x0000000e   Code   RO         3934    i.UART_DMATxHalfCplt  stm32f3xx_hal_uart.o
    0x080059e8   0x080059e8   0x00000020   Code   RO         3936    i.UART_EndRxTransfer  stm32f3xx_hal_uart.o
    0x08005a08   0x08005a08   0x00000020   Code   RO         3937    i.UART_EndTransmit_IT  stm32f3xx_hal_uart.o
    0x08005a28   0x08005a28   0x00000014   Code   RO         3938    i.UART_EndTxTransfer  stm32f3xx_hal_uart.o
    0x08005a3c   0x08005a3c   0x0000008a   Code   RO         3939    i.UART_Receive_IT   stm32f3xx_hal_uart.o
    0x08005ac6   0x08005ac6   0x00000002   PAD
    0x08005ac8   0x08005ac8   0x000002ec   Code   RO         3940    i.UART_SetConfig    stm32f3xx_hal_uart.o
    0x08005db4   0x08005db4   0x0000006a   Code   RO         3941    i.UART_Transmit_IT  stm32f3xx_hal_uart.o
    0x08005e1e   0x08005e1e   0x0000006c   Code   RO         3942    i.UART_WaitOnFlagUntilTimeout  stm32f3xx_hal_uart.o
    0x08005e8a   0x08005e8a   0x00000002   PAD
    0x08005e8c   0x08005e8c   0x00000010   Code   RO          616    i.USART1_IRQHandler  stm32f3xx_it.o
    0x08005e9c   0x08005e9c   0x00000004   Code   RO          617    i.UsageFault_Handler  stm32f3xx_it.o
    0x08005ea0   0x08005ea0   0x00000030   Code   RO         6537    i.__ARM_fpclassify  m_wm.l(fpclassify.o)
    0x08005ed0   0x08005ed0   0x00000010   Code   RO         2269    i.__NVIC_GetPriorityGrouping  stm32f3xx_hal_cortex.o
    0x08005ee0   0x08005ee0   0x00000028   Code   RO         2270    i.__NVIC_SetPriority  stm32f3xx_hal_cortex.o
    0x08005f08   0x08005f08   0x00000006   Code   RO         1401    i.__get_BASEPRI     cmsis_os2.o
    0x08005f0e   0x08005f0e   0x00000006   Code   RO         1402    i.__get_IPSR        cmsis_os2.o
    0x08005f14   0x08005f14   0x00000006   Code   RO         1403    i.__get_PRIMASK     cmsis_os2.o
    0x08005f1a   0x08005f1a   0x00000002   PAD
    0x08005f1c   0x08005f1c   0x00000064   Code   RO         1318    i.__user_perthread_libspace  clib_arm.o
    0x08005f80   0x08005f80   0x00000016   Code   RO         1319    i._mutex_acquire    clib_arm.o
    0x08005f96   0x08005f96   0x00000002   PAD
    0x08005f98   0x08005f98   0x00000034   Code   RO         1320    i._mutex_free       clib_arm.o
    0x08005fcc   0x08005fcc   0x00000060   Code   RO         1321    i._mutex_initialize  clib_arm.o
    0x0800602c   0x0800602c   0x00000018   Code   RO         1322    i._mutex_release    clib_arm.o
    0x08006044   0x08006044   0x00000002   Code   RO         1323    i._platform_post_stackheap_init  clib_arm.o
    0x08006046   0x08006046   0x00000026   Code   RO         2027    i._sys_close        retarget_io.o
    0x0800606c   0x0800606c   0x00000024   Code   RO         2028    i._sys_flen         retarget_io.o
    0x08006090   0x08006090   0x00000024   Code   RO         2029    i._sys_istty        retarget_io.o
    0x080060b4   0x080060b4   0x00000068   Code   RO         2030    i._sys_open         retarget_io.o
    0x0800611c   0x0800611c   0x0000004c   Code   RO         2031    i._sys_read         retarget_io.o
    0x08006168   0x08006168   0x0000002c   Code   RO         2032    i._sys_seek         retarget_io.o
    0x08006194   0x08006194   0x00000046   Code   RO         2033    i._sys_write        retarget_io.o
    0x080061da   0x080061da   0x00000002   PAD
    0x080061dc   0x080061dc   0x000003d0   Code   RO         1245    i.create_server_data  sim800.o
    0x080065ac   0x080065ac   0x00000018   Code   RO         6622    i.fgetc             c_w.l(fgetc.o)
    0x080065c4   0x080065c4   0x0000001a   Code   RO         6626    i.fputc             c_w.l(fputc.o)
    0x080065de   0x080065de   0x00000034   Code   RO          475    i.main              main.o
    0x08006612   0x08006612   0x00000002   PAD
    0x08006614   0x08006614   0x00000038   Code   RO         1404    i.osDelay           cmsis_os2.o
    0x0800664c   0x0800664c   0x00000060   Code   RO         1409    i.osEventFlagsNew   cmsis_os2.o
    0x080066ac   0x080066ac   0x00000074   Code   RO         1410    i.osEventFlagsSet   cmsis_os2.o
    0x08006720   0x08006720   0x00000034   Code   RO         1413    i.osKernelGetState  cmsis_os2.o
    0x08006754   0x08006754   0x00000034   Code   RO         1416    i.osKernelGetTickCount  cmsis_os2.o
    0x08006788   0x08006788   0x00000074   Code   RO         1421    i.osKernelStart     cmsis_os2.o
    0x080067fc   0x080067fc   0x00000098   Code   RO         1433    i.osMessageQueueGet  cmsis_os2.o
    0x08006894   0x08006894   0x00000098   Code   RO         1438    i.osMessageQueueNew  cmsis_os2.o
    0x0800692c   0x0800692c   0x0000009c   Code   RO         1439    i.osMessageQueuePut  cmsis_os2.o
    0x080069c8   0x080069c8   0x0000007c   Code   RO         1441    i.osMutexAcquire    cmsis_os2.o
    0x08006a44   0x08006a44   0x000000b4   Code   RO         1444    i.osMutexNew        cmsis_os2.o
    0x08006af8   0x08006af8   0x00000068   Code   RO         1445    i.osMutexRelease    cmsis_os2.o
    0x08006b60   0x08006b60   0x00000084   Code   RO         1446    i.osSemaphoreAcquire  cmsis_os2.o
    0x08006be4   0x08006be4   0x000000cc   Code   RO         1449    i.osSemaphoreNew    cmsis_os2.o
    0x08006cb0   0x08006cb0   0x00000074   Code   RO         1450    i.osSemaphoreRelease  cmsis_os2.o
    0x08006d24   0x08006d24   0x0000000a   Code   RO         1452    i.osThreadExit      cmsis_os2.o
    0x08006d2e   0x08006d2e   0x00000002   PAD
    0x08006d30   0x08006d30   0x000000d4   Code   RO         1463    i.osThreadNew       cmsis_os2.o
    0x08006e04   0x08006e04   0x00000024   Code   RO         1324    i.os_kernel_is_active  clib_arm.o
    0x08006e28   0x08006e28   0x000001c4   Code   RO          434    i.osiFREERTOSInit   rtos.o
    0x08006fec   0x08006fec   0x0000007c   Code   RO         5630    i.prvAddCurrentTaskToDelayedList  tasks.o
    0x08007068   0x08007068   0x000000b8   Code   RO         5631    i.prvAddNewTaskToReadyList  tasks.o
    0x08007120   0x08007120   0x0000005c   Code   RO         6019    i.prvCheckForValidListAndQueue  timers.o
    0x0800717c   0x0800717c   0x00000048   Code   RO         5632    i.prvCheckTasksWaitingTermination  tasks.o
    0x080071c4   0x080071c4   0x0000002a   Code   RO         5389    i.prvCopyDataFromQueue  queue.o
    0x080071ee   0x080071ee   0x0000007e   Code   RO         5390    i.prvCopyDataToQueue  queue.o
    0x0800726c   0x0800726c   0x00000028   Code   RO         5633    i.prvDeleteTCB      tasks.o
    0x08007294   0x08007294   0x00000014   Code   RO         5391    i.prvGetDisinheritPriorityAfterTimeout  queue.o
    0x080072a8   0x080072a8   0x00000028   Code   RO         6020    i.prvGetNextExpireTime  timers.o
    0x080072d0   0x080072d0   0x0000007c   Code   RO         5237    i.prvHeapInit       heap_4.o
    0x0800734c   0x0800734c   0x00000028   Code   RO         5634    i.prvIdleTask       tasks.o
    0x08007374   0x08007374   0x0000001e   Code   RO         5392    i.prvInitialiseMutex  queue.o
    0x08007392   0x08007392   0x0000002a   Code   RO         5393    i.prvInitialiseNewQueue  queue.o
    0x080073bc   0x080073bc   0x0000009a   Code   RO         5635    i.prvInitialiseNewTask  tasks.o
    0x08007456   0x08007456   0x00000002   PAD
    0x08007458   0x08007458   0x00000068   Code   RO         5636    i.prvInitialiseTaskLists  tasks.o
    0x080074c0   0x080074c0   0x00000068   Code   RO         5238    i.prvInsertBlockIntoFreeList  heap_4.o
    0x08007528   0x08007528   0x00000058   Code   RO         6022    i.prvInsertTimerInActiveList  timers.o
    0x08007580   0x08007580   0x0000001a   Code   RO         5394    i.prvIsQueueEmpty   queue.o
    0x0800759a   0x0800759a   0x0000001e   Code   RO         5395    i.prvIsQueueFull    queue.o
    0x080075b8   0x080075b8   0x0000005c   Code   RO         6023    i.prvProcessExpiredTimer  timers.o
    0x08007614   0x08007614   0x0000010c   Code   RO         6024    i.prvProcessReceivedCommands  timers.o
    0x08007720   0x08007720   0x00000074   Code   RO         6025    i.prvProcessTimerOrBlockTask  timers.o
    0x08007794   0x08007794   0x00000034   Code   RO         5638    i.prvResetNextTaskUnblockTime  tasks.o
    0x080077c8   0x080077c8   0x0000002c   Code   RO         6026    i.prvSampleTimeNow  timers.o
    0x080077f4   0x080077f4   0x00000088   Code   RO         6027    i.prvSwitchTimerLists  timers.o
    0x0800787c   0x0800787c   0x00000016   Code   RO         5303    i.prvTaskExitError  port.o
    0x08007892   0x08007892   0x0000001a   Code   RO         6028    i.prvTimerTask      timers.o
    0x080078ac   0x080078ac   0x0000007e   Code   RO         5396    i.prvUnlockQueue    queue.o
    0x0800792a   0x0800792a   0x00000002   PAD
    0x0800792c   0x0800792c   0x000000d0   Code   RO         5239    i.pvPortMalloc      heap_4.o
    0x080079fc   0x080079fc   0x00000020   Code   RO         5641    i.pvTaskIncrementMutexHeldCount  tasks.o
    0x08007a1c   0x08007a1c   0x0000002c   Code   RO         5304    i.pxPortInitialiseStack  port.o
    0x08007a48   0x08007a48   0x0000004c   Code   RO         1246    i.rst_sim800l       sim800.o
    0x08007a94   0x08007a94   0x000000a2   Code   RO            6    i.sSelectArgumentElec  adc.o
    0x08007b36   0x08007b36   0x00000002   PAD
    0x08007b38   0x08007b38   0x00000038   Code   RO         1247    i.sms_message_compile  sim800.o
    0x08007b70   0x08007b70   0x00000024   Code   RO          380    i.stdin_getchar     uart4.o
    0x08007b94   0x08007b94   0x00000018   Code   RO          381    i.stdout_putchar    uart4.o
    0x08007bac   0x08007bac   0x00000028   Code   RO         5182    i.uxListRemove      list.o
    0x08007bd4   0x08007bd4   0x00000018   Code   RO         1475    i.vApplicationGetIdleTaskMemory  cmsis_os2.o
    0x08007bec   0x08007bec   0x00000018   Code   RO         1476    i.vApplicationGetTimerTaskMemory  cmsis_os2.o
    0x08007c04   0x08007c04   0x00000002   Code   RO         1477    i.vApplicationStackOverflowHook  cmsis_os2.o
    0x08007c06   0x08007c06   0x00000002   PAD
    0x08007c08   0x08007c08   0x0000027c   Code   RO          382    i.vCommanRead       uart4.o
    0x08007e84   0x08007e84   0x00000010   Code   RO         5057    i.vEventGroupSetBitsCallback  event_groups.o
    0x08007e94   0x08007e94   0x0000001a   Code   RO         5183    i.vListInitialise   list.o
    0x08007eae   0x08007eae   0x00000006   Code   RO         5184    i.vListInitialiseItem  list.o
    0x08007eb4   0x08007eb4   0x00000034   Code   RO         5185    i.vListInsert       list.o
    0x08007ee8   0x08007ee8   0x00000018   Code   RO         5186    i.vListInsertEnd    list.o
    0x08007f00   0x08007f00   0x0000001c   Code   RO          522    i.vPeripheralInit   periph.o
    0x08007f1c   0x08007f1c   0x00000024   Code   RO         5306    i.vPortEnterCritical  port.o
    0x08007f40   0x08007f40   0x00000020   Code   RO         5307    i.vPortExitCritical  port.o
    0x08007f60   0x08007f60   0x00000048   Code   RO         5240    i.vPortFree         heap_4.o
    0x08007fa8   0x08007fa8   0x00000028   Code   RO         5308    i.vPortSetupTimerInterrupt  port.o
    0x08007fd0   0x08007fd0   0x00000014   Code   RO         5402    i.vQueueDelete      queue.o
    0x08007fe4   0x08007fe4   0x0000004a   Code   RO         5404    i.vQueueWaitForMessageRestricted  queue.o
    0x0800802e   0x0800802e   0x00000002   PAD
    0x08008030   0x08008030   0x000003a8   Code   RO         1248    i.vSim800CommsThread  sim800.o
    0x080083d8   0x080083d8   0x00000568   Code   RO         1249    i.vSim800InitThread  sim800.o
    0x08008940   0x08008940   0x000001a4   Code   RO         1250    i.vSim800ServerThread  sim800.o
    0x08008ae4   0x08008ae4   0x00000034   Code   RO         5650    i.vTaskDelay        tasks.o
    0x08008b18   0x08008b18   0x000000a0   Code   RO         5652    i.vTaskDelete       tasks.o
    0x08008bb8   0x08008bb8   0x00000018   Code   RO         5655    i.vTaskInternalSetTimeOutState  tasks.o
    0x08008bd0   0x08008bd0   0x0000000c   Code   RO         5656    i.vTaskMissedYield  tasks.o
    0x08008bdc   0x08008bdc   0x00000020   Code   RO         5658    i.vTaskPlaceOnEventList  tasks.o
    0x08008bfc   0x08008bfc   0x00000028   Code   RO         5659    i.vTaskPlaceOnEventListRestricted  tasks.o
    0x08008c24   0x08008c24   0x0000008c   Code   RO         5661    i.vTaskPriorityDisinheritAfterTimeout  tasks.o
    0x08008cb0   0x08008cb0   0x00000060   Code   RO         5663    i.vTaskRemoveFromUnorderedEventList  tasks.o
    0x08008d10   0x08008d10   0x00000094   Code   RO         5667    i.vTaskStartScheduler  tasks.o
    0x08008da4   0x08008da4   0x00000010   Code   RO         5669    i.vTaskSuspendAll   tasks.o
    0x08008db4   0x08008db4   0x000000b0   Code   RO         5670    i.vTaskSwitchContext  tasks.o
    0x08008e64   0x08008e64   0x0000005c   Code   RO          383    i.vTransmitUART4    uart4.o
    0x08008ec0   0x08008ec0   0x0000001e   Code   RO         5061    i.xEventGroupCreate  event_groups.o
    0x08008ede   0x08008ede   0x0000001a   Code   RO         5062    i.xEventGroupCreateStatic  event_groups.o
    0x08008ef8   0x08008ef8   0x00000092   Code   RO         5064    i.xEventGroupSetBits  event_groups.o
    0x08008f8a   0x08008f8a   0x00000002   PAD
    0x08008f8c   0x08008f8c   0x00000024   Code   RO         5065    i.xEventGroupSetBitsFromISR  event_groups.o
    0x08008fb0   0x08008fb0   0x00000048   Code   RO         5309    i.xPortStartScheduler  port.o
    0x08008ff8   0x08008ff8   0x00000034   Code   RO         5310    i.xPortSysTickHandler  port.o
    0x0800902c   0x0800902c   0x0000001a   Code   RO         5405    i.xQueueCreateCountingSemaphore  queue.o
    0x08009046   0x08009046   0x00000022   Code   RO         5406    i.xQueueCreateCountingSemaphoreStatic  queue.o
    0x08009068   0x08009068   0x00000022   Code   RO         5407    i.xQueueCreateMutex  queue.o
    0x0800908a   0x0800908a   0x0000002a   Code   RO         5408    i.xQueueCreateMutexStatic  queue.o
    0x080090b4   0x080090b4   0x00000040   Code   RO         5409    i.xQueueGenericCreate  queue.o
    0x080090f4   0x080090f4   0x0000002e   Code   RO         5410    i.xQueueGenericCreateStatic  queue.o
    0x08009122   0x08009122   0x00000002   PAD
    0x08009124   0x08009124   0x00000080   Code   RO         5411    i.xQueueGenericReset  queue.o
    0x080091a4   0x080091a4   0x00000118   Code   RO         5412    i.xQueueGenericSend  queue.o
    0x080092bc   0x080092bc   0x00000086   Code   RO         5413    i.xQueueGenericSendFromISR  queue.o
    0x08009342   0x08009342   0x00000078   Code   RO         5416    i.xQueueGiveFromISR  queue.o
    0x080093ba   0x080093ba   0x00000030   Code   RO         5417    i.xQueueGiveMutexRecursive  queue.o
    0x080093ea   0x080093ea   0x00000002   PAD
    0x080093ec   0x080093ec   0x00000104   Code   RO         5422    i.xQueueReceive     queue.o
    0x080094f0   0x080094f0   0x00000082   Code   RO         5423    i.xQueueReceiveFromISR  queue.o
    0x08009572   0x08009572   0x00000002   PAD
    0x08009574   0x08009574   0x00000130   Code   RO         5424    i.xQueueSemaphoreTake  queue.o
    0x080096a4   0x080096a4   0x00000036   Code   RO         5425    i.xQueueTakeMutexRecursive  queue.o
    0x080096da   0x080096da   0x00000002   PAD
    0x080096dc   0x080096dc   0x0000005c   Code   RO         5671    i.xTaskCheckForTimeOut  tasks.o
    0x08009738   0x08009738   0x00000064   Code   RO         5672    i.xTaskCreate       tasks.o
    0x0800979c   0x0800979c   0x0000004e   Code   RO         5673    i.xTaskCreateStatic  tasks.o
    0x080097ea   0x080097ea   0x00000002   PAD
    0x080097ec   0x080097ec   0x0000000c   Code   RO         5676    i.xTaskGetCurrentTaskHandle  tasks.o
    0x080097f8   0x080097f8   0x00000020   Code   RO         5677    i.xTaskGetSchedulerState  tasks.o
    0x08009818   0x08009818   0x0000000c   Code   RO         5678    i.xTaskGetTickCount  tasks.o
    0x08009824   0x08009824   0x0000000c   Code   RO         5679    i.xTaskGetTickCountFromISR  tasks.o
    0x08009830   0x08009830   0x00000118   Code   RO         5680    i.xTaskIncrementTick  tasks.o
    0x08009948   0x08009948   0x00000060   Code   RO         5683    i.xTaskPriorityDisinherit  tasks.o
    0x080099a8   0x080099a8   0x000000a4   Code   RO         5684    i.xTaskPriorityInherit  tasks.o
    0x08009a4c   0x08009a4c   0x00000080   Code   RO         5685    i.xTaskRemoveFromEventList  tasks.o
    0x08009acc   0x08009acc   0x000000e8   Code   RO         5686    i.xTaskResumeAll    tasks.o
    0x08009bb4   0x08009bb4   0x00000060   Code   RO         6036    i.xTimerCreateTimerTask  timers.o
    0x08009c14   0x08009c14   0x0000006c   Code   RO         6037    i.xTimerGenericCommand  timers.o
    0x08009c80   0x08009c80   0x00000034   Code   RO         6043    i.xTimerPendFunctionCallFromISR  timers.o
    0x08009cb4   0x08009cb4   0x0000002c   Code   RO         6642    locale$$code        c_w.l(lc_numeric_c.o)
    0x08009ce0   0x08009ce0   0x0000002c   Code   RO         6795    locale$$code        c_w.l(lc_ctype_c.o)
    0x08009d0c   0x08009d0c   0x000002b0   Code   RO         6355    x$fpl$ddiv          fz_wm.l(ddiv.o)
    0x08009fbc   0x08009fbc   0x0000002e   Code   RO         6367    x$fpl$dflt          fz_wm.l(dflt_clz.o)
    0x08009fea   0x08009fea   0x00000002   PAD
    0x08009fec   0x08009fec   0x00000154   Code   RO         6372    x$fpl$dmul          fz_wm.l(dmul.o)
    0x0800a140   0x0800a140   0x0000009c   Code   RO         6506    x$fpl$dnaninf       fz_wm.l(dnaninf.o)
    0x0800a1dc   0x0800a1dc   0x0000000c   Code   RO         6508    x$fpl$dretinf       fz_wm.l(dretinf.o)
    0x0800a1e8   0x0800a1e8   0x0000000a   Code   RO         6657    x$fpl$fpinit        fz_wm.l(fpinit.o)
    0x0800a1f2   0x0800a1f2   0x00000004   Code   RO         6374    x$fpl$printf1       fz_wm.l(printf1.o)
    0x0800a1f6   0x0800a1f6   0x00000000   Code   RO         6516    x$fpl$usenofp       fz_wm.l(usenofp.o)
    0x0800a1f6   0x0800a1f6   0x00000002   PAD
    0x0800a1f8   0x0800a1f8   0x00000010   Data   RO          435    .constdata          rtos.o
    0x0800a208   0x0800a208   0x00000024   Data   RO          476    .constdata          main.o
    0x0800a22c   0x0800a22c   0x00000017   Data   RO         2034    .constdata          retarget_io.o
    0x0800a243   0x0800a243   0x00000020   Data   RO         2800    .constdata          stm32f3xx_hal_rcc.o
    0x0800a263   0x0800a263   0x00000018   Data   RO         4986    .constdata          system_stm32f3xx.o
    0x0800a27b   0x0800a27b   0x00000028   Data   RO         6273    .constdata          c_w.l(_printf_hex_int.o)
    0x0800a2a3   0x0800a2a3   0x00000001   PAD
    0x0800a2a4   0x0800a2a4   0x00000094   Data   RO         6593    .constdata          c_w.l(bigflt0.o)
    0x0800a338   0x0800a338   0x00000056   Data   RO          385    .conststring        uart4.o
    0x0800a38e   0x0800a38e   0x00000002   PAD
    0x0800a390   0x0800a390   0x0000000d   Data   RO          436    .conststring        rtos.o
    0x0800a39d   0x0800a39d   0x00000003   PAD
    0x0800a3a0   0x0800a3a0   0x0000000b   Data   RO          477    .conststring        main.o
    0x0800a3ab   0x0800a3ab   0x00000001   PAD
    0x0800a3ac   0x0800a3ac   0x0000005f   Data   RO         1252    .conststring        sim800.o
    0x0800a40b   0x0800a40b   0x00000001   PAD
    0x0800a40c   0x0800a40c   0x00000020   Data   RO         6816    Region$$Table       anon$$obj.o
    0x0800a42c   0x0800a42c   0x0000001c   Data   RO         6641    locale$$data        c_w.l(lc_numeric_c.o)
    0x0800a448   0x0800a448   0x00000110   Data   RO         6794    locale$$data        c_w.l(lc_ctype_c.o)


    Execution Region RW_IRAM2 (Exec base: 0x10000000, Load base: 0x0800a580, Size: 0x00000000, Max: 0x00002000, ABSOLUTE)

    **** No section assigned to this execution region ****


    Execution Region RW_IRAM1 (Exec base: 0x20000000, Load base: 0x0800a558, Size: 0x00007790, Max: 0x0000c000, ABSOLUTE, COMPRESSED[0x00000028])

    Exec Addr    Load Addr    Size         Type   Attr      Idx    E Section Name        Object

    0x20000000   COMPRESSED   0x00000020   Data   RW           15    .data               adc.o
    0x20000020   COMPRESSED   0x00000024   Data   RW          274    .data               sw_ctrl.o
    0x20000044   COMPRESSED   0x00000009   Data   RW          386    .data               uart4.o
    0x2000004d   COMPRESSED   0x00000003   PAD
    0x20000050   COMPRESSED   0x00000054   Data   RW          437    .data               rtos.o
    0x200000a4   COMPRESSED   0x00000048   Data   RW         1253    .data               sim800.o
    0x200000ec   COMPRESSED   0x00000001   Data   RW         1326    .data               clib_arm.o
    0x200000ed   COMPRESSED   0x00000003   PAD
    0x200000f0   COMPRESSED   0x00000004   Data   RW         1479    .data               cmsis_os2.o
    0x200000f4   COMPRESSED   0x00000004   Data   RW         4987    .data               system_stm32f3xx.o
    0x200000f8   COMPRESSED   0x00000018   Data   RW         5245    .data               heap_4.o
    0x20000110   COMPRESSED   0x00000004   Data   RW         5311    .data               port.o
    0x20000114   COMPRESSED   0x0000003c   Data   RW         5689    .data               tasks.o
    0x20000150   COMPRESSED   0x00000014   Data   RW         6045    .data               timers.o
    0x20000164   COMPRESSED   0x00000004   Data   RW         6452    .data               c_w.l(stdio_streams.o)
    0x20000168   COMPRESSED   0x00000004   Data   RW         6453    .data               c_w.l(stdio_streams.o)
    0x2000016c   COMPRESSED   0x00000004   Data   RW         6454    .data               c_w.l(stdio_streams.o)
    0x20000170   COMPRESSED   0x00000004   Data   RW         6682    .data               c_w.l(streamlock.o)
    0x20000174        -       0x00003c6a   Zero   RW           14    .bss                adc.o
    0x20003dde        -       0x00000020   Zero   RW          384    .bss                uart4.o
    0x20003dfe   COMPRESSED   0x00000002   PAD
    0x20003e00        -       0x000001a8   Zero   RW          523    .bss                periph.o
    0x20003fa8        -       0x00000370   Zero   RW         1251    .bss                sim800.o
    0x20004318        -       0x00000394   Zero   RW         1325    .bss                clib_arm.o
    0x200046ac        -       0x000003f8   Zero   RW         1478    .bss                cmsis_os2.o
    0x20004aa4        -       0x00002000   Zero   RW         5244    .bss                heap_4.o
    0x20006aa4        -       0x000004c4   Zero   RW         5688    .bss                tasks.o
    0x20006f68        -       0x000000c8   Zero   RW         6044    .bss                timers.o
    0x20007030        -       0x00000054   Zero   RW         6449    .bss                c_w.l(stdio_streams.o)
    0x20007084        -       0x00000054   Zero   RW         6450    .bss                c_w.l(stdio_streams.o)
    0x200070d8        -       0x00000054   Zero   RW         6451    .bss                c_w.l(stdio_streams.o)
    0x2000712c        -       0x00000060   Zero   RW         6545    .bss                c_w.l(libspace.o)
    0x2000718c   COMPRESSED   0x00000004   PAD
    0x20007190        -       0x00000200   Zero   RW         4975    HEAP                startup_stm32f303xc.o
    0x20007390        -       0x00000400   Zero   RW         4974    STACK               startup_stm32f303xc.o


==============================================================================

Image component sizes


      Code (inc. data)   RO Data    RW Data    ZI Data      Debug   Object Name

       958         96          0         32      15466     620355   adc.o
       332         32          0          1        916      15308   clib_arm.o
      2120        122          0          4       1016      78629   cmsis_os2.o
       254          6          0          0          0      15728   event_groups.o
       508         62          0         24       8192       4323   heap_4.o
       148          0          0          0          0      12566   list.o
       872        450         47          0          0       1547   main.o
       900         66          0          0        424       4927   periph.o
       488         56          0          4          0       9984   port.o
      2240         18          0          0          0      25733   queue.o
       404         24         23          0          0       6498   retarget_io.o
       460        104         29         84          0       4946   rtos.o
      4436       1252         95         72        880       9472   sim800.o
        64         26        392          0       1536        892   startup_stm32f303xc.o
        32          0          0          0          0       2786   stm32f30x_adc.o
        44          8          0          0          0        736   stm32f30x_dma.o
        80         10          0          0          0       1302   stm32f3xx_hal.o
       312         22          0          0          0      34867   stm32f3xx_hal_cortex.o
       676          8          0          0          0       5354   stm32f3xx_hal_dma.o
       470         28          0          0          0       2604   stm32f3xx_hal_gpio.o
       344         22          0          0          0       1985   stm32f3xx_hal_msp.o
      3548         90         32          0          0       6936   stm32f3xx_hal_rcc.o
       744         14          0          0          0       1888   stm32f3xx_hal_rcc_ex.o
       448          0          0          0          0       4182   stm32f3xx_hal_tim.o
         6          0          0          0          0       2617   stm32f3xx_hal_tim_ex.o
      2642         64          0          0          0      18686   stm32f3xx_hal_uart.o
         2          0          0          0          0       1248   stm32f3xx_hal_uart_ex.o
       108         30          0          0          0       6516   stm32f3xx_it.o
         0          0          0         36          0       1597   sw_ctrl.o
       124         20         24          4          0       1539   system_stm32f3xx.o
      2936        424          0         60       1220      43824   tasks.o
      1158        118          0         20        200      13367   timers.o
       852        336         86          9         32       4118   uart4.o

    ----------------------------------------------------------------------
     28762       3508        767        356      29884     967060   Object Totals
         0          0         32          0          0          0   (incl. Generated)
        52          0          7          6          2          0   (incl. Padding)

    ----------------------------------------------------------------------

      Code (inc. data)   RO Data    RW Data    ZI Data      Debug   Library Member Name

        32          6          0          0          0         84   __0scanf.o
        58          0          0          0          0          0   __dczerorl.o
         8          0          0          0          0         68   __main.o
       104          0          0          0          0         84   __printf.o
         0          0          0          0          0          0   __rtentry.o
        20          0          0          0          0          0   __rtentry2.o
         6          0          0          0          0          0   __rtentry4.o
        52          8          0          0          0          0   __scatter.o
        28          0          0          0          0          0   __scatter_zi.o
        28          0          0          0          0         68   _chval.o
         6          0          0          0          0          0   _printf_c.o
        44          0          0          0          0        108   _printf_char.o
        48          6          0          0          0         96   _printf_char_common.o
        64          6          0          0          0         84   _printf_char_file_locked.o
         6          0          0          0          0          0   _printf_d.o
       120         16          0          0          0         92   _printf_dec.o
         6          0          0          0          0          0   _printf_f.o
      1054          0          0          0          0        216   _printf_fp_dec.o
       128         16          0          0          0         84   _printf_fp_infnan.o
        88          4         40          0          0         88   _printf_hex_int.o
       178          0          0          0          0         88   _printf_intcommon.o
         0          0          0          0          0          0   _printf_percent.o
         4          0          0          0          0          0   _printf_percent_end.o
         6          0          0          0          0          0   _printf_s.o
        82          0          0          0          0         80   _printf_str.o
         6          0          0          0          0          0   _printf_x.o
       884          6          0          0          0        100   _scanf.o
       332          0          0          0          0         96   _scanf_int.o
       224          0          0          0          0         96   _scanf_str.o
        10          0          0          0          0         68   _sputc.o
        16          0          0          0          0         68   aeabi_memset.o
        72          0          0          0          0         92   backspace.o
       228          4        148          0          0         96   bigflt0.o
      1936        128          0          0          0        672   btod.o
        10          0          0          0          0         68   defsig_exit.o
        50          0          0          0          0         88   defsig_general.o
        80         58          0          0          0         76   defsig_rtmem_inner.o
        14          0          0          0          0         80   defsig_rtmem_outer.o
        52         38          0          0          0         76   defsig_rtred_inner.o
        14          0          0          0          0         80   defsig_rtred_outer.o
        18          0          0          0          0         80   exit.o
        76          0          0          0          0         88   fclose.o
       144         10          0          0          0        128   fflush_locked.o
        24          0          0          0          0         68   fgetc.o
       570          0          0          0          0        132   filbuf.o
       470          0          0          0          0         88   flsbuf.o
        92          8          0          0          0         88   flushlinebuffered_locked.o
       324          8          0          0          0        152   fopen_locked.o
        26          0          0          0          0         68   fputc.o
       248          6          0          0          0         84   fseek.o
        66          0          0          0          0         76   ftell.o
       158          0          0          0          0        128   h1_alloc_mt.o
        62          0          0          0          0         80   h1_extend_mt.o
        10          0          0          0          0         76   h1_final_mt.o
       118          0          0          0          0        108   h1_free_mt.o
        18          0          0          0          0         84   h1_init_mt.o
         6          0          0          0          0        152   heapauxi.o
         4          0          0          0          0        136   hguard.o
         0          0          0          0          0          0   indicate_semi.o
       138          0          0          0          0        168   init_alloc.o
       456         48          0          0          0        116   initio_locked.o
        18          0          0          0          0         76   isspace.o
        44         10        272          0          0         76   lc_ctype_c.o
        44         10         28          0          0         76   lc_numeric_c.o
         2          0          0          0          0          0   libinit.o
        46          0          0          0          0          0   libinit2.o
         2          0          0          0          0          0   libshutdown.o
        10          0          0          0          0          0   libshutdown2.o
         8          4          0          0         96         68   libspace.o
       138          0          0          0          0         80   lludiv10.o
         0          0          0          0          0          0   maybetermalloc2.o
        24          4          0          0          0         84   noretval__2printf.o
        40          6          0          0          0         84   noretval__2sprintf.o
        16          4          0          0          0         76   rt_ctype_table.o
         4          0          0          0          0         68   rt_errno_addr_twolibspace.o
        10          0          0          0          0         76   rt_heap_descriptor_twolibspace.o
        10          0          0          0          0         76   rt_locale_twolibspace.o
        68          0          0          0          0         68   rt_memclr.o
        78          0          0          0          0         80   rt_memclr_w.o
       138          0          0          0          0         68   rt_memcpy_v6.o
       100          0          0          0          0         80   rt_memcpy_w.o
         2          0          0          0          0          0   rtexit.o
        10          0          0          0          0          0   rtexit2.o
        44          8          0          0          0         84   scanf_char.o
        64          8          0          0          0         84   scanf_char_file_locked.o
       104          0          0          0          0         88   setvbuf_locked.o
       240          6          0          0          0        156   stdio.o
         0          0          0         12        252          0   stdio_streams.o
        24          0          0          0          0         68   strcat.o
       128          0          0          0          0         68   strcmpv7m.o
        72          0          0          0          0         80   strcpy.o
         0          0          0          4          0          0   streamlock.o
        62          0          0          0          0         76   strlen.o
        86          0          0          0          0         76   strncpy.o
        36          0          0          0          0         80   strstr.o
        12          4          0          0          0         68   sys_exit.o
        74          0          0          0          0         80   sys_stackheap_outer.o
        14          0          0          0          0         76   sys_wrch.o
        16          0          0          0          0         80   term_alloc.o
        72         12          0          0          0         68   ungetc.o
         2          0          0          0          0         68   use_no_semi.o
       688        140          0          0          0        256   ddiv.o
        46          0          0          0          0        116   dflt_clz.o
       340         12          0          0          0        152   dmul.o
       156          4          0          0          0        140   dnaninf.o
        12          0          0          0          0        116   dretinf.o
        10          0          0          0          0        116   fpinit.o
         4          0          0          0          0        116   printf1.o
         0          0          0          0          0          0   usenofp.o
        48          0          0          0          0        124   fpclassify.o

    ----------------------------------------------------------------------
     12310        608        489         16        352       8668   Library Totals
        18          0          1          0          4          0   (incl. Padding)

    ----------------------------------------------------------------------

      Code (inc. data)   RO Data    RW Data    ZI Data      Debug   Library Name

     10988        452        488         16        348       7532   c_w.l
      1256        156          0          0          0       1012   fz_wm.l
        48          0          0          0          0        124   m_wm.l

    ----------------------------------------------------------------------
     12310        608        489         16        352       8668   Library Totals

    ----------------------------------------------------------------------

==============================================================================


      Code (inc. data)   RO Data    RW Data    ZI Data      Debug   

     41072       4116       1256        372      30236     948212   Grand Totals
     41072       4116       1256         40      30236     948212   ELF Image Totals (compressed)
     41072       4116       1256         40          0          0   ROM Totals

==============================================================================

    Total RO  Size (Code + RO Data)                42328 (  41.34kB)
    Total RW  Size (RW Data + ZI Data)             30608 (  29.89kB)
    Total ROM Size (Code + RO Data + RW Data)      42368 (  41.38kB)

==============================================================================

